Archive member included because of file (symbol)

c:/freescale/kds_v3/toolchain/bin/../lib/gcc/arm-none-eabi/4.8.4/../../../../arm-none-eabi/lib/armv7e-m/fpu\libg_s.a(lib_a-exit.o)
                              c:/freescale/kds_v3/toolchain/bin/../lib/gcc/arm-none-eabi/4.8.4/../../../../arm-none-eabi/lib/armv7e-m/fpu/crt0.o (exit)
c:/freescale/kds_v3/toolchain/bin/../lib/gcc/arm-none-eabi/4.8.4/../../../../arm-none-eabi/lib/armv7e-m/fpu\libg_s.a(lib_a-impure.o)
                              c:/freescale/kds_v3/toolchain/bin/../lib/gcc/arm-none-eabi/4.8.4/../../../../arm-none-eabi/lib/armv7e-m/fpu\libg_s.a(lib_a-exit.o) (_global_impure_ptr)
c:/freescale/kds_v3/toolchain/bin/../lib/gcc/arm-none-eabi/4.8.4/../../../../arm-none-eabi/lib/armv7e-m/fpu\libg_s.a(lib_a-init.o)
                              c:/freescale/kds_v3/toolchain/bin/../lib/gcc/arm-none-eabi/4.8.4/../../../../arm-none-eabi/lib/armv7e-m/fpu/crt0.o (__libc_init_array)
c:/freescale/kds_v3/toolchain/bin/../lib/gcc/arm-none-eabi/4.8.4/../../../../arm-none-eabi/lib/armv7e-m/fpu\libg_s.a(lib_a-memcpy-stub.o)
                              ./drivers/fsl_flash.o (memcpy)
c:/freescale/kds_v3/toolchain/bin/../lib/gcc/arm-none-eabi/4.8.4/../../../../arm-none-eabi/lib/armv7e-m/fpu\libg_s.a(lib_a-memset.o)
                              c:/freescale/kds_v3/toolchain/bin/../lib/gcc/arm-none-eabi/4.8.4/../../../../arm-none-eabi/lib/armv7e-m/fpu/crt0.o (memset)
c:/freescale/kds_v3/toolchain/bin/../lib/gcc/arm-none-eabi/4.8.4/../../../../arm-none-eabi/lib/armv7e-m/fpu\libg_s.a(lib_a-strlen.o)
                              ./utilities/fsl_debug_console.o (strlen)
c:/freescale/kds_v3/toolchain/bin/../lib/gcc/arm-none-eabi/4.8.4/../../../../arm-none-eabi/lib/armv7e-m/fpu\libnosys.a(_exit.o)
                              c:/freescale/kds_v3/toolchain/bin/../lib/gcc/arm-none-eabi/4.8.4/../../../../arm-none-eabi/lib/armv7e-m/fpu\libg_s.a(lib_a-exit.o) (_exit)

Discarded input sections

 .text          0x00000000        0x0 c:/freescale/kds_v3/toolchain/bin/../lib/gcc/arm-none-eabi/4.8.4/armv7e-m/fpu/crti.o
 .data          0x00000000        0x0 c:/freescale/kds_v3/toolchain/bin/../lib/gcc/arm-none-eabi/4.8.4/armv7e-m/fpu/crti.o
 .bss           0x00000000        0x0 c:/freescale/kds_v3/toolchain/bin/../lib/gcc/arm-none-eabi/4.8.4/armv7e-m/fpu/crti.o
 .data          0x00000000        0x4 c:/freescale/kds_v3/toolchain/bin/../lib/gcc/arm-none-eabi/4.8.4/armv7e-m/fpu/crtbegin.o
 .data          0x00000000        0x0 c:/freescale/kds_v3/toolchain/bin/../lib/gcc/arm-none-eabi/4.8.4/../../../../arm-none-eabi/lib/armv7e-m/fpu/crt0.o
 .bss           0x00000000        0x0 c:/freescale/kds_v3/toolchain/bin/../lib/gcc/arm-none-eabi/4.8.4/../../../../arm-none-eabi/lib/armv7e-m/fpu/crt0.o
 .ARM.extab     0x00000000        0x0 c:/freescale/kds_v3/toolchain/bin/../lib/gcc/arm-none-eabi/4.8.4/../../../../arm-none-eabi/lib/armv7e-m/fpu/crt0.o
 .text          0x00000000        0x0 ./utilities/fsl_debug_console.o
 .data          0x00000000        0x0 ./utilities/fsl_debug_console.o
 .bss           0x00000000        0x0 ./utilities/fsl_debug_console.o
 .text.DbgConsole_Deinit
                0x00000000       0x48 ./utilities/fsl_debug_console.o
 .text.DbgConsole_Scanf
                0x00000000       0xb8 ./utilities/fsl_debug_console.o
 .text.DbgConsole_Getchar
                0x00000000       0x38 ./utilities/fsl_debug_console.o
 .text.DbgConsole_ScanIgnoreWhiteSpace
                0x00000000       0x60 ./utilities/fsl_debug_console.o
 .text.DbgConsole_ScanfFormattedData
                0x00000000      0x620 ./utilities/fsl_debug_console.o
 .text._write   0x00000000       0x58 ./utilities/fsl_debug_console.o
 .text._read    0x00000000       0x44 ./utilities/fsl_debug_console.o
 .text          0x00000000        0x0 ./sources/board.o
 .data          0x00000000        0x0 ./sources/board.o
 .bss           0x00000000        0x0 ./sources/board.o
 .text          0x00000000        0x0 ./sources/clock_config.o
 .data          0x00000000        0x0 ./sources/clock_config.o
 .bss           0x00000000        0x0 ./sources/clock_config.o
 .text.SMC_SetPowerModeProtection
                0x00000000       0x1c ./sources/clock_config.o
 .text.SMC_GetPowerModeState
                0x00000000       0x1c ./sources/clock_config.o
 .text.BOARD_BootClockVLPR
                0x00000000       0x64 ./sources/clock_config.o
 .text          0x00000000        0x0 ./sources/ftm_simple_pwm.o
 .data          0x00000000        0x0 ./sources/ftm_simple_pwm.o
 .bss           0x00000000        0x0 ./sources/ftm_simple_pwm.o
 .data.White    0x00000000        0x4 ./sources/ftm_simple_pwm.o
 .bss.Black     0x00000000        0x4 ./sources/ftm_simple_pwm.o
 .data.Brown    0x00000000        0x4 ./sources/ftm_simple_pwm.o
 .data.Gray     0x00000000        0x4 ./sources/ftm_simple_pwm.o
 .data.Yellow   0x00000000        0x4 ./sources/ftm_simple_pwm.o
 .data.Crimson  0x00000000        0x4 ./sources/ftm_simple_pwm.o
 .data.Purple   0x00000000        0x4 ./sources/ftm_simple_pwm.o
 .bss.ftmIsrFlag
                0x00000000        0x1 ./sources/ftm_simple_pwm.o
 .text          0x00000000        0x0 ./sources/pin_mux.o
 .data          0x00000000        0x0 ./sources/pin_mux.o
 .bss           0x00000000        0x0 ./sources/pin_mux.o
 .text          0x00000000        0x0 ./drivers/fsl_clock.o
 .data          0x00000000        0x0 ./drivers/fsl_clock.o
 .bss           0x00000000        0x0 ./drivers/fsl_clock.o
 .text.CLOCK_EnableClock
                0x00000000       0x34 ./drivers/fsl_clock.o
 .text.CLOCK_DisableClock
                0x00000000       0x38 ./drivers/fsl_clock.o
 .text.CLOCK_FllStableDelay
                0x00000000       0x24 ./drivers/fsl_clock.o
 .text.CLOCK_GetPlatClkFreq
                0x00000000       0x24 ./drivers/fsl_clock.o
 .text.CLOCK_GetFlashClkFreq
                0x00000000       0x28 ./drivers/fsl_clock.o
 .text.CLOCK_GetFlexBusClkFreq
                0x00000000       0x28 ./drivers/fsl_clock.o
 .text.CLOCK_GetBusClkFreq
                0x00000000       0x28 ./drivers/fsl_clock.o
 .text.CLOCK_EnableUsbfs0Clock
                0x00000000      0x100 ./drivers/fsl_clock.o
 .text.CLOCK_CalcPllDiv
                0x00000000      0x168 ./drivers/fsl_clock.o
 .text.CLOCK_SetOsc0MonitorMode
                0x00000000       0x78 ./drivers/fsl_clock.o
 .text.CLOCK_SetRtcOscMonitorMode
                0x00000000       0x48 ./drivers/fsl_clock.o
 .text.CLOCK_SetPll0MonitorMode
                0x00000000       0x74 ./drivers/fsl_clock.o
 .text.CLOCK_GetStatusFlags
                0x00000000       0x84 ./drivers/fsl_clock.o
 .text.CLOCK_ClearStatusFlags
                0x00000000       0x58 ./drivers/fsl_clock.o
 .text.CLOCK_DeinitOsc0
                0x00000000       0x2c ./drivers/fsl_clock.o
 .text.CLOCK_TrimInternalRefClk
                0x00000000      0x138 ./drivers/fsl_clock.o
 .text.CLOCK_GetMode
                0x00000000       0xc0 ./drivers/fsl_clock.o
 .text.CLOCK_SetFeiMode
                0x00000000       0xc4 ./drivers/fsl_clock.o
 .text.CLOCK_SetFeeMode
                0x00000000       0xe0 ./drivers/fsl_clock.o
 .text.CLOCK_SetFbiMode
                0x00000000       0xd4 ./drivers/fsl_clock.o
 .text.CLOCK_SetFbeMode
                0x00000000      0x104 ./drivers/fsl_clock.o
 .text.CLOCK_SetBlpiMode
                0x00000000       0x24 ./drivers/fsl_clock.o
 .text.CLOCK_SetBlpeMode
                0x00000000       0x24 ./drivers/fsl_clock.o
 .text.CLOCK_SetPeeMode
                0x00000000       0x38 ./drivers/fsl_clock.o
 .text.CLOCK_ExternalModeToFbeModeQuick
                0x00000000       0x6c ./drivers/fsl_clock.o
 .text.CLOCK_InternalModeToFbiModeQuick
                0x00000000       0x4c ./drivers/fsl_clock.o
 .text.CLOCK_BootToFeiMode
                0x00000000       0x28 ./drivers/fsl_clock.o
 .text.CLOCK_BootToFeeMode
                0x00000000       0x34 ./drivers/fsl_clock.o
 .text.CLOCK_BootToBlpiMode
                0x00000000       0x68 ./drivers/fsl_clock.o
 .text.CLOCK_BootToBlpeMode
                0x00000000       0x58 ./drivers/fsl_clock.o
 .rodata.mcgModeMatrix
                0x00000000       0x40 ./drivers/fsl_clock.o
 .text.CLOCK_SetMcgConfig
                0x00000000      0x200 ./drivers/fsl_clock.o
 .rodata.trimRange.6553
                0x00000000       0x10 ./drivers/fsl_clock.o
 .text          0x00000000        0x0 ./drivers/fsl_common.o
 .data          0x00000000        0x0 ./drivers/fsl_common.o
 .bss           0x00000000        0x0 ./drivers/fsl_common.o
 .text.InstallIRQHandler
                0x00000000       0x74 ./drivers/fsl_common.o
 .text          0x00000000        0x0 ./drivers/fsl_dmamux.o
 .data          0x00000000        0x0 ./drivers/fsl_dmamux.o
 .bss           0x00000000        0x0 ./drivers/fsl_dmamux.o
 .text.CLOCK_DisableClock
                0x00000000       0x38 ./drivers/fsl_dmamux.o
 .rodata.s_dmamuxBases
                0x00000000        0x4 ./drivers/fsl_dmamux.o
 .rodata.s_dmamuxClockName
                0x00000000        0x4 ./drivers/fsl_dmamux.o
 .text.DMAMUX_Deinit
                0x00000000       0x20 ./drivers/fsl_dmamux.o
 .text          0x00000000        0x0 ./drivers/fsl_edma.o
 .data          0x00000000        0x0 ./drivers/fsl_edma.o
 .bss           0x00000000        0x0 ./drivers/fsl_edma.o
 .text.CLOCK_DisableClock
                0x00000000       0x38 ./drivers/fsl_edma.o
 .rodata.s_edmaBases
                0x00000000        0x4 ./drivers/fsl_edma.o
 .rodata.s_edmaClockName
                0x00000000        0x4 ./drivers/fsl_edma.o
 .text.EDMA_Deinit
                0x00000000       0x20 ./drivers/fsl_edma.o
 .text.EDMA_SetMinorOffsetConfig
                0x00000000       0x9c ./drivers/fsl_edma.o
 .text.EDMA_SetChannelLink
                0x00000000       0x60 ./drivers/fsl_edma.o
 .text.EDMA_SetBandWidth
                0x00000000       0x68 ./drivers/fsl_edma.o
 .text.EDMA_EnableChannelInterrupts
                0x00000000       0xb0 ./drivers/fsl_edma.o
 .text.EDMA_DisableChannelInterrupts
                0x00000000       0xb4 ./drivers/fsl_edma.o
 .text.EDMA_TcdSetMinorOffsetConfig
                0x00000000       0x84 ./drivers/fsl_edma.o
 .text.EDMA_TcdSetChannelLink
                0x00000000      0x154 ./drivers/fsl_edma.o
 .text.EDMA_TcdSetModulo
                0x00000000       0x88 ./drivers/fsl_edma.o
 .text.EDMA_TcdEnableInterrupts
                0x00000000       0x64 ./drivers/fsl_edma.o
 .text.EDMA_TcdDisableInterrupts
                0x00000000       0x64 ./drivers/fsl_edma.o
 .text.EDMA_GetRemainingMajorLoopCount
                0x00000000       0xa8 ./drivers/fsl_edma.o
 .text.EDMA_GetChannelStatusFlags
                0x00000000       0x84 ./drivers/fsl_edma.o
 .text.EDMA_ClearChannelStatusFlags
                0x00000000       0x68 ./drivers/fsl_edma.o
 .text.EDMA_AbortTransfer
                0x00000000       0x50 ./drivers/fsl_edma.o
 .text.DMA0_08_DriverIRQHandler
                0x00000000       0x48 ./drivers/fsl_edma.o
 .text.DMA0_19_DriverIRQHandler
                0x00000000       0x48 ./drivers/fsl_edma.o
 .text.DMA0_210_DriverIRQHandler
                0x00000000       0x48 ./drivers/fsl_edma.o
 .text.DMA0_311_DriverIRQHandler
                0x00000000       0x48 ./drivers/fsl_edma.o
 .text.DMA0_412_DriverIRQHandler
                0x00000000       0x48 ./drivers/fsl_edma.o
 .text.DMA0_513_DriverIRQHandler
                0x00000000       0x48 ./drivers/fsl_edma.o
 .text.DMA0_614_DriverIRQHandler
                0x00000000       0x48 ./drivers/fsl_edma.o
 .text.DMA0_715_DriverIRQHandler
                0x00000000       0x48 ./drivers/fsl_edma.o
 .rodata.__func__.6624
                0x00000000       0x1c ./drivers/fsl_edma.o
 .rodata.__func__.6632
                0x00000000       0x14 ./drivers/fsl_edma.o
 .rodata.__func__.6638
                0x00000000       0x14 ./drivers/fsl_edma.o
 .rodata.__func__.6652
                0x00000000       0x20 ./drivers/fsl_edma.o
 .rodata.__func__.6658
                0x00000000       0x20 ./drivers/fsl_edma.o
 .rodata.__func__.6673
                0x00000000       0x20 ./drivers/fsl_edma.o
 .rodata.__func__.6680
                0x00000000       0x18 ./drivers/fsl_edma.o
 .rodata.__func__.6688
                0x00000000       0x14 ./drivers/fsl_edma.o
 .rodata.__func__.6694
                0x00000000       0x1c ./drivers/fsl_edma.o
 .rodata.__func__.6699
                0x00000000       0x1c ./drivers/fsl_edma.o
 .rodata.__func__.6704
                0x00000000       0x20 ./drivers/fsl_edma.o
 .rodata.__func__.6710
                0x00000000       0x1c ./drivers/fsl_edma.o
 .rodata.__func__.6717
                0x00000000       0x20 ./drivers/fsl_edma.o
 .text          0x00000000        0x0 ./drivers/fsl_flash.o
 .data          0x00000000        0x0 ./drivers/fsl_flash.o
 .bss           0x00000000        0x0 ./drivers/fsl_flash.o
 .rodata.kFCCOBx
                0x00000000        0x4 ./drivers/fsl_flash.o
 .rodata.kFPROTL
                0x00000000        0x4 ./drivers/fsl_flash.o
 .bss.callFlashRunCommand
                0x00000000        0x4 ./drivers/fsl_flash.o
 .bss.callFlashCommonBitOperation
                0x00000000        0x4 ./drivers/fsl_flash.o
 .rodata.s_flashRunCommandFunctionCode
                0x00000000        0xc ./drivers/fsl_flash.o
 .rodata.s_flashCommonBitOperationFunctionCode
                0x00000000       0x1c ./drivers/fsl_flash.o
 .bss.s_flashRunCommand
                0x00000000       0x40 ./drivers/fsl_flash.o
 .bss.s_flashCommonBitOperation
                0x00000000       0x40 ./drivers/fsl_flash.o
 .bss.s_flashExecuteInRamFunctionInfo
                0x00000000        0xc ./drivers/fsl_flash.o
 .rodata.kPFlashDensities
                0x00000000       0x20 ./drivers/fsl_flash.o
 .text.FLASH_Init
                0x00000000       0xc4 ./drivers/fsl_flash.o
 .text.FLASH_SetCallback
                0x00000000       0x28 ./drivers/fsl_flash.o
 .text.FLASH_PrepareExecuteInRamFunctions
                0x00000000       0x3c ./drivers/fsl_flash.o
 .text.FLASH_EraseAll
                0x00000000       0x4c ./drivers/fsl_flash.o
 .text.FLASH_Erase
                0x00000000       0xd8 ./drivers/fsl_flash.o
 .text.FLASH_EraseAllExecuteOnlySegments
                0x00000000       0x4c ./drivers/fsl_flash.o
 .text.FLASH_Program
                0x00000000       0xd4 ./drivers/fsl_flash.o
 .text.FLASH_ProgramOnce
                0x00000000       0x60 ./drivers/fsl_flash.o
 .text.FLASH_ProgramSection
                0x00000000      0x154 ./drivers/fsl_flash.o
 .text.FLASH_ReadResource
                0x00000000       0xd8 ./drivers/fsl_flash.o
 .text.FLASH_ReadOnce
                0x00000000       0x60 ./drivers/fsl_flash.o
 .text.FLASH_GetSecurityState
                0x00000000       0x5c ./drivers/fsl_flash.o
 .text.FLASH_SecurityBypass
                0x00000000       0xa4 ./drivers/fsl_flash.o
 .text.FLASH_VerifyEraseAll
                0x00000000       0x3c ./drivers/fsl_flash.o
 .text.FLASH_VerifyErase
                0x00000000       0xf0 ./drivers/fsl_flash.o
 .text.FLASH_VerifyProgram
                0x00000000       0xc8 ./drivers/fsl_flash.o
 .text.FLASH_VerifyEraseAllExecuteOnlySegments
                0x00000000       0x3c ./drivers/fsl_flash.o
 .text.FLASH_IsProtected
                0x00000000      0x244 ./drivers/fsl_flash.o
 .text.FLASH_IsExecuteOnly
                0x00000000       0x40 ./drivers/fsl_flash.o
 .text.FLASH_GetProperty
                0x00000000       0xcc ./drivers/fsl_flash.o
 .text.FLASH_SwapControl
                0x00000000       0xb8 ./drivers/fsl_flash.o
 .text.FLASH_Swap
                0x00000000      0x11c ./drivers/fsl_flash.o
 .text.FLASH_PflashSetProtection
                0x00000000       0x40 ./drivers/fsl_flash.o
 .text.FLASH_PflashGetProtection
                0x00000000       0x34 ./drivers/fsl_flash.o
 .text.FLASH_PflashSetPrefetchSpeculation
                0x00000000       0x88 ./drivers/fsl_flash.o
 .text.FLASH_PflashGetPrefetchSpeculation
                0x00000000       0x60 ./drivers/fsl_flash.o
 .text.copy_flash_run_command
                0x00000000       0x2c ./drivers/fsl_flash.o
 .text.flash_command_sequence
                0x00000000       0x6c ./drivers/fsl_flash.o
 .text.copy_flash_common_bit_operation
                0x00000000       0x2c ./drivers/fsl_flash.o
 .text.flash_cache_clear
                0x00000000       0x4c ./drivers/fsl_flash.o
 .text.flash_check_execute_in_ram_function_info
                0x00000000       0x3c ./drivers/fsl_flash.o
 .text.flash_check_range
                0x00000000       0x64 ./drivers/fsl_flash.o
 .text.flash_get_matched_operation_info
                0x00000000       0x6c ./drivers/fsl_flash.o
 .text.flash_check_user_key
                0x00000000       0x28 ./drivers/fsl_flash.o
 .text.flash_check_resource_range
                0x00000000       0xa8 ./drivers/fsl_flash.o
 .text.flash_check_swap_control_option
                0x00000000       0x3c ./drivers/fsl_flash.o
 .text.flash_validate_swap_indicator_address
                0x00000000       0x48 ./drivers/fsl_flash.o
 .text.flash_get_protection_info
                0x00000000       0x60 ./drivers/fsl_flash.o
 .debug_info    0x00000000     0x1d6f ./drivers/fsl_flash.o
 .debug_abbrev  0x00000000      0x238 ./drivers/fsl_flash.o
 .debug_aranges
                0x00000000      0x148 ./drivers/fsl_flash.o
 .debug_ranges  0x00000000      0x138 ./drivers/fsl_flash.o
 .debug_line    0x00000000      0x6a9 ./drivers/fsl_flash.o
 .debug_str     0x00000000     0x224d ./drivers/fsl_flash.o
 .comment       0x00000000       0x71 ./drivers/fsl_flash.o
 .ARM.attributes
                0x00000000       0x39 ./drivers/fsl_flash.o
 .debug_frame   0x00000000      0x4a8 ./drivers/fsl_flash.o
 .text          0x00000000        0x0 ./drivers/fsl_ftm.o
 .data          0x00000000        0x0 ./drivers/fsl_ftm.o
 .bss           0x00000000        0x0 ./drivers/fsl_ftm.o
 .text.CLOCK_DisableClock
                0x00000000       0x38 ./drivers/fsl_ftm.o
 .text.FTM_Deinit
                0x00000000       0x34 ./drivers/fsl_ftm.o
 .text.FTM_UpdatePwmDutycycle
                0x00000000       0xfc ./drivers/fsl_ftm.o
 .text.FTM_UpdateChnlEdgeLevelSelect
                0x00000000       0x4c ./drivers/fsl_ftm.o
 .text.FTM_SetupInputCapture
                0x00000000       0xc4 ./drivers/fsl_ftm.o
 .text.FTM_SetupOutputCompare
                0x00000000       0x9c ./drivers/fsl_ftm.o
 .text.FTM_SetupDualEdgeCapture
                0x00000000      0x124 ./drivers/fsl_ftm.o
 .text.FTM_SetupQuadDecode
                0x00000000      0x104 ./drivers/fsl_ftm.o
 .text.FTM_SetupFault
                0x00000000       0xcc ./drivers/fsl_ftm.o
 .text.FTM_GetEnabledInterrupts
                0x00000000       0xe4 ./drivers/fsl_ftm.o
 .text.FTM_GetStatusFlags
                0x00000000       0x64 ./drivers/fsl_ftm.o
 .rodata.__func__.6712
                0x00000000       0x1c ./drivers/fsl_ftm.o
 .rodata.__func__.6720
                0x00000000       0x14 ./drivers/fsl_ftm.o
 .rodata.__func__.6727
                0x00000000       0x10 ./drivers/fsl_ftm.o
 .rodata.__func__.6752
                0x00000000       0x1c ./drivers/fsl_ftm.o
 .text          0x00000000        0x0 ./drivers/fsl_gpio.o
 .data          0x00000000        0x0 ./drivers/fsl_gpio.o
 .bss           0x00000000        0x0 ./drivers/fsl_gpio.o
 .text.GPIO_WritePinOutput
                0x00000000       0x34 ./drivers/fsl_gpio.o
 .rodata.s_portBases
                0x00000000       0x14 ./drivers/fsl_gpio.o
 .rodata.s_gpioBases
                0x00000000       0x14 ./drivers/fsl_gpio.o
 .rodata        0x00000000       0x48 ./drivers/fsl_gpio.o
 .text.GPIO_GetInstance
                0x00000000       0x58 ./drivers/fsl_gpio.o
 .text.GPIO_PinInit
                0x00000000       0x70 ./drivers/fsl_gpio.o
 .text.GPIO_GetPinsInterruptFlags
                0x00000000       0x30 ./drivers/fsl_gpio.o
 .text.GPIO_ClearPinsInterruptFlags
                0x00000000       0x30 ./drivers/fsl_gpio.o
 .rodata.__func__.6336
                0x00000000       0x14 ./drivers/fsl_gpio.o
 .rodata.__func__.6342
                0x00000000       0x10 ./drivers/fsl_gpio.o
 .debug_info    0x00000000      0x54f ./drivers/fsl_gpio.o
 .debug_abbrev  0x00000000      0x192 ./drivers/fsl_gpio.o
 .debug_aranges
                0x00000000       0x40 ./drivers/fsl_gpio.o
 .debug_ranges  0x00000000       0x30 ./drivers/fsl_gpio.o
 .debug_line    0x00000000      0x171 ./drivers/fsl_gpio.o
 .debug_str     0x00000000      0x74d ./drivers/fsl_gpio.o
 .comment       0x00000000       0x71 ./drivers/fsl_gpio.o
 .ARM.attributes
                0x00000000       0x39 ./drivers/fsl_gpio.o
 .debug_frame   0x00000000       0xac ./drivers/fsl_gpio.o
 .text          0x00000000        0x0 ./drivers/fsl_smc.o
 .data          0x00000000        0x0 ./drivers/fsl_smc.o
 .bss           0x00000000        0x0 ./drivers/fsl_smc.o
 .rodata        0x00000000        0x8 ./drivers/fsl_smc.o
 .text.SMC_PreEnterStopModes
                0x00000000       0x2c ./drivers/fsl_smc.o
 .text.SMC_PostExitStopModes
                0x00000000       0x24 ./drivers/fsl_smc.o
 .text.SMC_SetPowerModeRun
                0x00000000       0x2c ./drivers/fsl_smc.o
 .text.SMC_SetPowerModeWait
                0x00000000       0x30 ./drivers/fsl_smc.o
 .text.SMC_SetPowerModeStop
                0x00000000       0x60 ./drivers/fsl_smc.o
 .text.SMC_SetPowerModeVlpr
                0x00000000       0x50 ./drivers/fsl_smc.o
 .text.SMC_SetPowerModeVlpw
                0x00000000       0x30 ./drivers/fsl_smc.o
 .text.SMC_SetPowerModeVlps
                0x00000000       0x64 ./drivers/fsl_smc.o
 .text.SMC_SetPowerModeLls
                0x00000000       0x64 ./drivers/fsl_smc.o
 .text.SMC_SetPowerModeVlls
                0x00000000       0xb8 ./drivers/fsl_smc.o
 .debug_info    0x00000000      0x7c3 ./drivers/fsl_smc.o
 .debug_abbrev  0x00000000      0x1e7 ./drivers/fsl_smc.o
 .debug_aranges
                0x00000000       0x68 ./drivers/fsl_smc.o
 .debug_ranges  0x00000000       0x58 ./drivers/fsl_smc.o
 .debug_line    0x00000000      0x278 ./drivers/fsl_smc.o
 .debug_str     0x00000000      0x718 ./drivers/fsl_smc.o
 .comment       0x00000000       0x71 ./drivers/fsl_smc.o
 .ARM.attributes
                0x00000000       0x39 ./drivers/fsl_smc.o
 .debug_frame   0x00000000      0x130 ./drivers/fsl_smc.o
 .text          0x00000000        0x0 ./drivers/fsl_uart.o
 .data          0x00000000        0x0 ./drivers/fsl_uart.o
 .bss           0x00000000        0x0 ./drivers/fsl_uart.o
 .text.NVIC_EnableIRQ
                0x00000000       0x30 ./drivers/fsl_uart.o
 .text.CLOCK_DisableClock
                0x00000000       0x38 ./drivers/fsl_uart.o
 .text.EnableIRQ
                0x00000000       0x28 ./drivers/fsl_uart.o
 .rodata.s_uartIRQ
                0x00000000        0x8 ./drivers/fsl_uart.o
 .text.UART_TransferGetRxRingBufferLength
                0x00000000       0x6c ./drivers/fsl_uart.o
 .text.UART_TransferIsRxRingBufferFull
                0x00000000       0x4c ./drivers/fsl_uart.o
 .text.UART_Deinit
                0x00000000       0x48 ./drivers/fsl_uart.o
 .text.UART_SetBaudRate
                0x00000000      0x11c ./drivers/fsl_uart.o
 .text.UART_EnableInterrupts
                0x00000000       0x70 ./drivers/fsl_uart.o
 .text.UART_DisableInterrupts
                0x00000000       0x80 ./drivers/fsl_uart.o
 .text.UART_GetEnabledInterrupts
                0x00000000       0x4c ./drivers/fsl_uart.o
 .text.UART_ClearStatusFlags
                0x00000000       0x8c ./drivers/fsl_uart.o
 .text.UART_WriteNonBlocking
                0x00000000       0x54 ./drivers/fsl_uart.o
 .text.UART_ReadNonBlocking
                0x00000000       0x54 ./drivers/fsl_uart.o
 .text.UART_TransferCreateHandle
                0x00000000       0x98 ./drivers/fsl_uart.o
 .text.UART_TransferStartRingBuffer
                0x00000000       0x88 ./drivers/fsl_uart.o
 .text.UART_TransferStopRingBuffer
                0x00000000       0x78 ./drivers/fsl_uart.o
 .text.UART_TransferSendNonBlocking
                0x00000000       0xc4 ./drivers/fsl_uart.o
 .text.UART_TransferAbortSend
                0x00000000       0x48 ./drivers/fsl_uart.o
 .text.UART_TransferGetSendCount
                0x00000000       0x6c ./drivers/fsl_uart.o
 .text.UART_TransferReceiveNonBlocking
                0x00000000      0x1d8 ./drivers/fsl_uart.o
 .text.UART_TransferAbortReceive
                0x00000000       0x6c ./drivers/fsl_uart.o
 .text.UART_TransferGetReceiveCount
                0x00000000       0x78 ./drivers/fsl_uart.o
 .text.UART_TransferHandleIRQ
                0x00000000      0x414 ./drivers/fsl_uart.o
 .text.UART_TransferHandleErrorIRQ
                0x00000000       0x14 ./drivers/fsl_uart.o
 .rodata.__func__.6521
                0x00000000       0x24 ./drivers/fsl_uart.o
 .rodata.__func__.6526
                0x00000000       0x20 ./drivers/fsl_uart.o
 .rodata.__func__.6557
                0x00000000       0x14 ./drivers/fsl_uart.o
 .rodata.__func__.6601
                0x00000000       0x18 ./drivers/fsl_uart.o
 .rodata.__func__.6624
                0x00000000       0x18 ./drivers/fsl_uart.o
 .rodata.__func__.6635
                0x00000000       0x1c ./drivers/fsl_uart.o
 .rodata.__func__.6643
                0x00000000       0x20 ./drivers/fsl_uart.o
 .rodata.__func__.6648
                0x00000000       0x1c ./drivers/fsl_uart.o
 .rodata.__func__.6654
                0x00000000       0x20 ./drivers/fsl_uart.o
 .rodata.__func__.6660
                0x00000000       0x18 ./drivers/fsl_uart.o
 .rodata.__func__.6666
                0x00000000       0x1c ./drivers/fsl_uart.o
 .rodata.__func__.6673
                0x00000000       0x20 ./drivers/fsl_uart.o
 .rodata.__func__.6686
                0x00000000       0x1c ./drivers/fsl_uart.o
 .rodata.__func__.6692
                0x00000000       0x20 ./drivers/fsl_uart.o
 .rodata.__func__.6697
                0x00000000       0x18 ./drivers/fsl_uart.o
 .data          0x00000000        0x0 ./devices/gcc/startup_MK64F12.o
 .bss           0x00000000        0x0 ./devices/gcc/startup_MK64F12.o
 .text          0x00000000        0x0 ./devices/system_MK64F12.o
 .data          0x00000000        0x0 ./devices/system_MK64F12.o
 .bss           0x00000000        0x0 ./devices/system_MK64F12.o
 .text.SystemCoreClockUpdate
                0x00000000      0x270 ./devices/system_MK64F12.o
 .text          0x00000000        0x0 c:/freescale/kds_v3/toolchain/bin/../lib/gcc/arm-none-eabi/4.8.4/../../../../arm-none-eabi/lib/armv7e-m/fpu\libg_s.a(lib_a-exit.o)
 .data          0x00000000        0x0 c:/freescale/kds_v3/toolchain/bin/../lib/gcc/arm-none-eabi/4.8.4/../../../../arm-none-eabi/lib/armv7e-m/fpu\libg_s.a(lib_a-exit.o)
 .bss           0x00000000        0x0 c:/freescale/kds_v3/toolchain/bin/../lib/gcc/arm-none-eabi/4.8.4/../../../../arm-none-eabi/lib/armv7e-m/fpu\libg_s.a(lib_a-exit.o)
 .text          0x00000000        0x0 c:/freescale/kds_v3/toolchain/bin/../lib/gcc/arm-none-eabi/4.8.4/../../../../arm-none-eabi/lib/armv7e-m/fpu\libg_s.a(lib_a-impure.o)
 .data          0x00000000        0x0 c:/freescale/kds_v3/toolchain/bin/../lib/gcc/arm-none-eabi/4.8.4/../../../../arm-none-eabi/lib/armv7e-m/fpu\libg_s.a(lib_a-impure.o)
 .bss           0x00000000        0x0 c:/freescale/kds_v3/toolchain/bin/../lib/gcc/arm-none-eabi/4.8.4/../../../../arm-none-eabi/lib/armv7e-m/fpu\libg_s.a(lib_a-impure.o)
 .data._impure_ptr
                0x00000000        0x4 c:/freescale/kds_v3/toolchain/bin/../lib/gcc/arm-none-eabi/4.8.4/../../../../arm-none-eabi/lib/armv7e-m/fpu\libg_s.a(lib_a-impure.o)
 .text          0x00000000        0x0 c:/freescale/kds_v3/toolchain/bin/../lib/gcc/arm-none-eabi/4.8.4/../../../../arm-none-eabi/lib/armv7e-m/fpu\libg_s.a(lib_a-init.o)
 .data          0x00000000        0x0 c:/freescale/kds_v3/toolchain/bin/../lib/gcc/arm-none-eabi/4.8.4/../../../../arm-none-eabi/lib/armv7e-m/fpu\libg_s.a(lib_a-init.o)
 .bss           0x00000000        0x0 c:/freescale/kds_v3/toolchain/bin/../lib/gcc/arm-none-eabi/4.8.4/../../../../arm-none-eabi/lib/armv7e-m/fpu\libg_s.a(lib_a-init.o)
 .text          0x00000000        0x0 c:/freescale/kds_v3/toolchain/bin/../lib/gcc/arm-none-eabi/4.8.4/../../../../arm-none-eabi/lib/armv7e-m/fpu\libg_s.a(lib_a-memcpy-stub.o)
 .data          0x00000000        0x0 c:/freescale/kds_v3/toolchain/bin/../lib/gcc/arm-none-eabi/4.8.4/../../../../arm-none-eabi/lib/armv7e-m/fpu\libg_s.a(lib_a-memcpy-stub.o)
 .bss           0x00000000        0x0 c:/freescale/kds_v3/toolchain/bin/../lib/gcc/arm-none-eabi/4.8.4/../../../../arm-none-eabi/lib/armv7e-m/fpu\libg_s.a(lib_a-memcpy-stub.o)
 .text.memcpy   0x00000000       0x12 c:/freescale/kds_v3/toolchain/bin/../lib/gcc/arm-none-eabi/4.8.4/../../../../arm-none-eabi/lib/armv7e-m/fpu\libg_s.a(lib_a-memcpy-stub.o)
 .ARM.attributes
                0x00000000       0x34 c:/freescale/kds_v3/toolchain/bin/../lib/gcc/arm-none-eabi/4.8.4/../../../../arm-none-eabi/lib/armv7e-m/fpu\libg_s.a(lib_a-memcpy-stub.o)
 .debug_frame   0x00000000       0x28 c:/freescale/kds_v3/toolchain/bin/../lib/gcc/arm-none-eabi/4.8.4/../../../../arm-none-eabi/lib/armv7e-m/fpu\libg_s.a(lib_a-memcpy-stub.o)
 .text          0x00000000        0x0 c:/freescale/kds_v3/toolchain/bin/../lib/gcc/arm-none-eabi/4.8.4/../../../../arm-none-eabi/lib/armv7e-m/fpu\libg_s.a(lib_a-memset.o)
 .data          0x00000000        0x0 c:/freescale/kds_v3/toolchain/bin/../lib/gcc/arm-none-eabi/4.8.4/../../../../arm-none-eabi/lib/armv7e-m/fpu\libg_s.a(lib_a-memset.o)
 .bss           0x00000000        0x0 c:/freescale/kds_v3/toolchain/bin/../lib/gcc/arm-none-eabi/4.8.4/../../../../arm-none-eabi/lib/armv7e-m/fpu\libg_s.a(lib_a-memset.o)
 .text          0x00000000        0x0 c:/freescale/kds_v3/toolchain/bin/../lib/gcc/arm-none-eabi/4.8.4/../../../../arm-none-eabi/lib/armv7e-m/fpu\libg_s.a(lib_a-strlen.o)
 .data          0x00000000        0x0 c:/freescale/kds_v3/toolchain/bin/../lib/gcc/arm-none-eabi/4.8.4/../../../../arm-none-eabi/lib/armv7e-m/fpu\libg_s.a(lib_a-strlen.o)
 .bss           0x00000000        0x0 c:/freescale/kds_v3/toolchain/bin/../lib/gcc/arm-none-eabi/4.8.4/../../../../arm-none-eabi/lib/armv7e-m/fpu\libg_s.a(lib_a-strlen.o)
 .text          0x00000000        0x0 c:/freescale/kds_v3/toolchain/bin/../lib/gcc/arm-none-eabi/4.8.4/../../../../arm-none-eabi/lib/armv7e-m/fpu\libnosys.a(_exit.o)
 .data          0x00000000        0x0 c:/freescale/kds_v3/toolchain/bin/../lib/gcc/arm-none-eabi/4.8.4/../../../../arm-none-eabi/lib/armv7e-m/fpu\libnosys.a(_exit.o)
 .bss           0x00000000        0x0 c:/freescale/kds_v3/toolchain/bin/../lib/gcc/arm-none-eabi/4.8.4/../../../../arm-none-eabi/lib/armv7e-m/fpu\libnosys.a(_exit.o)
 .text          0x00000000        0x0 c:/freescale/kds_v3/toolchain/bin/../lib/gcc/arm-none-eabi/4.8.4/armv7e-m/fpu/crtend.o
 .data          0x00000000        0x0 c:/freescale/kds_v3/toolchain/bin/../lib/gcc/arm-none-eabi/4.8.4/armv7e-m/fpu/crtend.o
 .bss           0x00000000        0x0 c:/freescale/kds_v3/toolchain/bin/../lib/gcc/arm-none-eabi/4.8.4/armv7e-m/fpu/crtend.o
 .eh_frame      0x00000000        0x4 c:/freescale/kds_v3/toolchain/bin/../lib/gcc/arm-none-eabi/4.8.4/armv7e-m/fpu/crtend.o
 .text          0x00000000        0x0 c:/freescale/kds_v3/toolchain/bin/../lib/gcc/arm-none-eabi/4.8.4/armv7e-m/fpu/crtn.o
 .data          0x00000000        0x0 c:/freescale/kds_v3/toolchain/bin/../lib/gcc/arm-none-eabi/4.8.4/armv7e-m/fpu/crtn.o
 .bss           0x00000000        0x0 c:/freescale/kds_v3/toolchain/bin/../lib/gcc/arm-none-eabi/4.8.4/armv7e-m/fpu/crtn.o

Memory Configuration

Name             Origin             Length             Attributes
m_interrupts     0x00000000         0x00000400         xr
m_flash_config   0x00000400         0x00000010         xr
m_text           0x00000410         0x000ffbf0         xr
m_data           0x1fff0000         0x00010000         rw
m_data_2         0x20000000         0x00030000         rw
*default*        0x00000000         0xffffffff

Linker script and memory map

LOAD c:/freescale/kds_v3/toolchain/bin/../lib/gcc/arm-none-eabi/4.8.4/armv7e-m/fpu/crti.o
LOAD c:/freescale/kds_v3/toolchain/bin/../lib/gcc/arm-none-eabi/4.8.4/armv7e-m/fpu/crtbegin.o
LOAD c:/freescale/kds_v3/toolchain/bin/../lib/gcc/arm-none-eabi/4.8.4/../../../../arm-none-eabi/lib/armv7e-m/fpu/crt0.o
START GROUP
LOAD ./utilities/fsl_debug_console.o
LOAD ./sources/board.o
LOAD ./sources/clock_config.o
LOAD ./sources/ftm_simple_pwm.o
LOAD ./sources/pin_mux.o
LOAD ./drivers/fsl_clock.o
LOAD ./drivers/fsl_common.o
LOAD ./drivers/fsl_dmamux.o
LOAD ./drivers/fsl_edma.o
LOAD ./drivers/fsl_flash.o
LOAD ./drivers/fsl_ftm.o
LOAD ./drivers/fsl_gpio.o
LOAD ./drivers/fsl_smc.o
LOAD ./drivers/fsl_uart.o
LOAD ./devices/gcc/startup_MK64F12.o
LOAD ./devices/system_MK64F12.o
LOAD c:/freescale/kds_v3/toolchain/bin/../lib/gcc/arm-none-eabi/4.8.4/../../../../arm-none-eabi/lib/armv7e-m/fpu\libg_s.a
LOAD c:/freescale/kds_v3/toolchain/bin/../lib/gcc/arm-none-eabi/4.8.4/armv7e-m/fpu\libgcc.a
LOAD c:/freescale/kds_v3/toolchain/bin/../lib/gcc/arm-none-eabi/4.8.4/../../../../arm-none-eabi/lib/armv7e-m/fpu\libnosys.a
END GROUP
LOAD c:/freescale/kds_v3/toolchain/bin/../lib/gcc/arm-none-eabi/4.8.4/../../../../arm-none-eabi/lib/armv7e-m/fpu\libstdc++_s.a
LOAD c:/freescale/kds_v3/toolchain/bin/../lib/gcc/arm-none-eabi/4.8.4/../../../../arm-none-eabi/lib/armv7e-m/fpu\libm.a
START GROUP
LOAD c:/freescale/kds_v3/toolchain/bin/../lib/gcc/arm-none-eabi/4.8.4/armv7e-m/fpu\libgcc.a
LOAD c:/freescale/kds_v3/toolchain/bin/../lib/gcc/arm-none-eabi/4.8.4/../../../../arm-none-eabi/lib/armv7e-m/fpu\libg_s.a
LOAD c:/freescale/kds_v3/toolchain/bin/../lib/gcc/arm-none-eabi/4.8.4/../../../../arm-none-eabi/lib/armv7e-m/fpu\libc_s.a
END GROUP
START GROUP
LOAD c:/freescale/kds_v3/toolchain/bin/../lib/gcc/arm-none-eabi/4.8.4/armv7e-m/fpu\libgcc.a
LOAD c:/freescale/kds_v3/toolchain/bin/../lib/gcc/arm-none-eabi/4.8.4/../../../../arm-none-eabi/lib/armv7e-m/fpu\libc_s.a
END GROUP
LOAD c:/freescale/kds_v3/toolchain/bin/../lib/gcc/arm-none-eabi/4.8.4/armv7e-m/fpu/crtend.o
LOAD c:/freescale/kds_v3/toolchain/bin/../lib/gcc/arm-none-eabi/4.8.4/armv7e-m/fpu/crtn.o
                0x00000400                HEAP_SIZE = DEFINED (__heap_size__)?__heap_size__:0x400
                0x00000400                STACK_SIZE = DEFINED (__stack_size__)?__stack_size__:0x400
                0x00000000                M_VECTOR_RAM_SIZE = DEFINED (__ram_vector_table__)?0x400:0x0

.interrupts     0x00000000      0x400
                0x00000000                __VECTOR_TABLE = .
                0x00000000                . = ALIGN (0x4)
 *(.isr_vector)
 .isr_vector    0x00000000      0x400 ./devices/gcc/startup_MK64F12.o
                0x00000000                __isr_vector
                0x00000400                . = ALIGN (0x4)

.flash_config   0x00000400       0x10
                0x00000400                . = ALIGN (0x4)
 *(.FlashConfig)
 .FlashConfig   0x00000400       0x10 ./devices/gcc/startup_MK64F12.o
                0x00000410                . = ALIGN (0x4)

.text           0x00000410     0x4a68
                0x00000410                . = ALIGN (0x4)
 *(.text)
 .text          0x00000410       0x54 c:/freescale/kds_v3/toolchain/bin/../lib/gcc/arm-none-eabi/4.8.4/armv7e-m/fpu/crtbegin.o
 .text          0x00000464       0x74 c:/freescale/kds_v3/toolchain/bin/../lib/gcc/arm-none-eabi/4.8.4/../../../../arm-none-eabi/lib/armv7e-m/fpu/crt0.o
                0x00000464                _start
                0x00000464                _mainCRTStartup
 .text          0x000004d8      0x1fc ./devices/gcc/startup_MK64F12.o
                0x000004d8                Reset_Handler
                0x00000534                DebugMon_Handler
                0x00000534                PORTC_IRQHandler
                0x00000534                USB0_IRQHandler
                0x00000534                SPI1_DriverIRQHandler
                0x00000534                DMA_Error_DriverIRQHandler
                0x00000534                I2S0_Rx_DriverIRQHandler
                0x00000534                CMP0_IRQHandler
                0x00000534                USBDCD_IRQHandler
                0x00000534                WDOG_EWM_IRQHandler
                0x00000534                I2C0_DriverIRQHandler
                0x00000534                ENET_Transmit_DriverIRQHandler
                0x00000534                UART1_ERR_DriverIRQHandler
                0x00000534                BusFault_Handler
                0x00000534                LPTMR0_IRQHandler
                0x00000534                SDHC_DriverIRQHandler
                0x00000534                PIT0_IRQHandler
                0x00000534                FTM2_IRQHandler
                0x00000534                CMP2_IRQHandler
                0x00000534                LLWU_IRQHandler
                0x00000534                I2S0_Tx_DriverIRQHandler
                0x00000534                PORTE_IRQHandler
                0x00000534                FTM3_IRQHandler
                0x00000534                CAN0_DriverIRQHandler
                0x00000534                ENET_1588_Timer_DriverIRQHandler
                0x00000534                I2C2_DriverIRQHandler
                0x00000534                SWI_IRQHandler
                0x00000534                ADC0_IRQHandler
                0x00000534                UsageFault_Handler
                0x00000534                MCM_IRQHandler
                0x00000534                CMT_IRQHandler
                0x00000534                DAC1_IRQHandler
                0x00000534                PORTA_IRQHandler
                0x00000534                DefaultISR
                0x00000534                FTM0_IRQHandler
                0x00000534                UART5_ERR_DriverIRQHandler
                0x00000534                LVD_LVW_IRQHandler
                0x00000534                CMP1_IRQHandler
                0x00000534                Reserved71_IRQHandler
                0x00000534                PORTD_IRQHandler
                0x00000534                PORTB_IRQHandler
                0x00000534                PIT1_IRQHandler
                0x00000534                UART2_ERR_DriverIRQHandler
                0x00000534                SPI2_DriverIRQHandler
                0x00000534                ADC1_IRQHandler
                0x00000534                SPI0_DriverIRQHandler
                0x00000534                PIT2_IRQHandler
                0x00000534                ENET_Error_DriverIRQHandler
                0x00000534                DAC0_IRQHandler
                0x00000534                RTC_IRQHandler
                0x00000534                UART3_ERR_DriverIRQHandler
                0x00000534                PDB0_IRQHandler
                0x00000534                MCG_IRQHandler
                0x00000534                FTM1_IRQHandler
                0x00000534                ENET_Receive_DriverIRQHandler
                0x00000534                I2C1_DriverIRQHandler
                0x00000534                PIT3_IRQHandler
                0x00000534                MemManage_Handler
                0x00000534                RTC_Seconds_IRQHandler
                0x00000534                Read_Collision_IRQHandler
                0x00000534                FTFE_IRQHandler
                0x00000534                UART0_ERR_DriverIRQHandler
                0x00000534                RNG_IRQHandler
                0x00000534                UART0_LON_DriverIRQHandler
                0x00000534                UART4_ERR_DriverIRQHandler
                0x00000538                NMI_Handler
                0x0000053c                HardFault_Handler
                0x00000540                SVC_Handler
                0x00000544                PendSV_Handler
                0x00000548                SysTick_Handler
                0x0000054c                DMA0_IRQHandler
                0x00000550                DMA1_IRQHandler
                0x00000554                DMA2_IRQHandler
                0x00000558                DMA3_IRQHandler
                0x0000055c                DMA4_IRQHandler
                0x00000560                DMA5_IRQHandler
                0x00000564                DMA6_IRQHandler
                0x00000568                DMA7_IRQHandler
                0x0000056c                DMA8_IRQHandler
                0x00000570                DMA9_IRQHandler
                0x00000574                DMA10_IRQHandler
                0x00000578                DMA11_IRQHandler
                0x0000057c                DMA12_IRQHandler
                0x00000580                DMA13_IRQHandler
                0x00000584                DMA14_IRQHandler
                0x00000588                DMA15_IRQHandler
                0x0000058c                DMA_Error_IRQHandler
                0x00000590                I2C0_IRQHandler
                0x00000594                I2C1_IRQHandler
                0x00000598                SPI0_IRQHandler
                0x0000059c                SPI1_IRQHandler
                0x000005a0                I2S0_Tx_IRQHandler
                0x000005a4                I2S0_Rx_IRQHandler
                0x000005a8                UART0_LON_IRQHandler
                0x000005ac                UART0_RX_TX_IRQHandler
                0x000005b0                UART0_ERR_IRQHandler
                0x000005b4                UART1_RX_TX_IRQHandler
                0x000005b8                UART1_ERR_IRQHandler
                0x000005bc                UART2_RX_TX_IRQHandler
                0x000005c0                UART2_ERR_IRQHandler
                0x000005c4                UART3_RX_TX_IRQHandler
                0x000005c8                UART3_ERR_IRQHandler
                0x000005cc                SPI2_IRQHandler
                0x000005d0                UART4_RX_TX_IRQHandler
                0x000005d4                UART4_ERR_IRQHandler
                0x000005d8                UART5_RX_TX_IRQHandler
                0x000005dc                UART5_ERR_IRQHandler
                0x000005e0                I2C2_IRQHandler
                0x000005e4                CAN0_ORed_Message_buffer_IRQHandler
                0x000005e8                CAN0_Bus_Off_IRQHandler
                0x000005ec                CAN0_Error_IRQHandler
                0x000005f0                CAN0_Tx_Warning_IRQHandler
                0x000005f4                CAN0_Rx_Warning_IRQHandler
                0x000005f8                CAN0_Wake_Up_IRQHandler
                0x000005fc                SDHC_IRQHandler
                0x00000600                ENET_1588_Timer_IRQHandler
                0x00000604                ENET_Transmit_IRQHandler
                0x00000608                ENET_Receive_IRQHandler
                0x0000060c                ENET_Error_IRQHandler
 *(.text*)
 .text.UART_EnableTx
                0x000006d4       0x40 ./utilities/fsl_debug_console.o
 .text.UART_EnableRx
                0x00000714       0x40 ./utilities/fsl_debug_console.o
 .text.DbgConsole_Init
                0x00000754       0x90 ./utilities/fsl_debug_console.o
                0x00000754                DbgConsole_Init
 .text.DbgConsole_Printf
                0x000007e4       0x40 ./utilities/fsl_debug_console.o
                0x000007e4                DbgConsole_Printf
 .text.DbgConsole_Putchar
                0x00000824       0x38 ./utilities/fsl_debug_console.o
                0x00000824                DbgConsole_Putchar
 .text.DbgConsole_PrintfPaddingCharacter
                0x0000085c       0x40 ./utilities/fsl_debug_console.o
 .text.DbgConsole_ConvertRadixNumToString
                0x0000089c      0x118 ./utilities/fsl_debug_console.o
 .text.DbgConsole_PrintfFormattedData
                0x000009b4      0x36c ./utilities/fsl_debug_console.o
 .text.BOARD_InitDebugConsole
                0x00000d20       0x24 ./sources/board.o
                0x00000d20                BOARD_InitDebugConsole
 .text.CLOCK_SetSimSafeDivs
                0x00000d44       0x20 ./sources/clock_config.o
 .text.CLOCK_SetXtal0Freq
                0x00000d64       0x1c ./sources/clock_config.o
 .text.BOARD_BootClockRUN
                0x00000d80       0x64 ./sources/clock_config.o
                0x00000d80                BOARD_BootClockRUN
 .text.BOARD_InitOsc0
                0x00000de4       0x30 ./sources/clock_config.o
                0x00000de4                BOARD_InitOsc0
 .text.GPIO_WritePinOutput
                0x00000e14       0x34 ./sources/ftm_simple_pwm.o
 .text.GPIO_TogglePinsOutput
                0x00000e48       0x1c ./sources/ftm_simple_pwm.o
 .text.FTM_StartTimer
                0x00000e64       0x38 ./sources/ftm_simple_pwm.o
 .text.FTM_StopTimer
                0x00000e9c       0x20 ./sources/ftm_simple_pwm.o
 .text.DMAMUX_EnableChannel
                0x00000ebc       0x48 ./sources/ftm_simple_pwm.o
 .text.DMAMUX_DisableChannel
                0x00000f04       0x48 ./sources/ftm_simple_pwm.o
 .text.DMAMUX_SetSource
                0x00000f4c       0x58 ./sources/ftm_simple_pwm.o
 .text.DMAMUX_DisablePeriodTrigger
                0x00000fa4       0x48 ./sources/ftm_simple_pwm.o
 .text.EDMA_Callback
                0x00000fec       0x24 ./sources/ftm_simple_pwm.o
                0x00000fec                EDMA_Callback
 .text.InitDMADriver
                0x00001010       0x70 ./sources/ftm_simple_pwm.o
                0x00001010                InitDMADriver
 .text.StopFTMDMA
                0x00001080       0x64 ./sources/ftm_simple_pwm.o
 .text.DMA_Transfer
                0x000010e4      0x280 ./sources/ftm_simple_pwm.o
                0x000010e4                DMA_Transfer
 .text.FTM_initialize
                0x00001364       0xb0 ./sources/ftm_simple_pwm.o
                0x00001364                FTM_initialize
 .text.initBuffer
                0x00001414       0x34 ./sources/ftm_simple_pwm.o
                0x00001414                initBuffer
 .text.ResetFTM
                0x00001448       0x60 ./sources/ftm_simple_pwm.o
                0x00001448                ResetFTM
 .text.init_Hardware
                0x000014a8       0x10 ./sources/ftm_simple_pwm.o
                0x000014a8                init_Hardware
 .text.StartStopFTM
                0x000014b8       0x28 ./sources/ftm_simple_pwm.o
                0x000014b8                StartStopFTM
 .text.DMA_initialize
                0x000014e0       0x1c ./sources/ftm_simple_pwm.o
                0x000014e0                DMA_initialize
 .text.colorWipe
                0x000014fc       0x48 ./sources/ftm_simple_pwm.o
                0x000014fc                colorWipe
 .text.delay    0x00001544       0x30 ./sources/ftm_simple_pwm.o
                0x00001544                delay
 .text.setPixel
                0x00001574       0x94 ./sources/ftm_simple_pwm.o
                0x00001574                setPixel
 .text.main     0x00001608       0x90 ./sources/ftm_simple_pwm.o
                0x00001608                main
 .text.CLOCK_EnableClock
                0x00001698       0x34 ./sources/pin_mux.o
 .text.PORT_SetPinMux
                0x000016cc       0x38 ./sources/pin_mux.o
 .text.BOARD_InitPins
                0x00001704       0xf4 ./sources/pin_mux.o
                0x00001704                BOARD_InitPins
 .text.CLOCK_SetEr32kClock
                0x000017f8       0x2c ./drivers/fsl_clock.o
 .text.CLOCK_SetPllFllSelClock
                0x00001824       0x38 ./drivers/fsl_clock.o
 .text.OSC_SetExtRefClkConfig
                0x0000185c       0x34 ./drivers/fsl_clock.o
 .text.OSC_SetCapLoad
                0x00001890       0x34 ./drivers/fsl_clock.o
 .text.CLOCK_GetMcgExtClkFreq
                0x000018c4       0x8c ./drivers/fsl_clock.o
 .text.CLOCK_GetFllExtRefClkFreq
                0x00001950       0xc8 ./drivers/fsl_clock.o
 .text.CLOCK_GetInternalRefClkSelectFreq
                0x00001a18       0x44 ./drivers/fsl_clock.o
 .text.CLOCK_GetFllRefClkFreq
                0x00001a5c       0x2c ./drivers/fsl_clock.o
 .text.CLOCK_GetPll0RefFreq
                0x00001a88       0x10 ./drivers/fsl_clock.o
 .text.CLOCK_GetOscRangeFromFreq
                0x00001a98       0x3c ./drivers/fsl_clock.o
 .text.CLOCK_GetOsc0ErClkFreq
                0x00001ad4       0x48 ./drivers/fsl_clock.o
                0x00001ad4                CLOCK_GetOsc0ErClkFreq
 .text.CLOCK_GetEr32kClkFreq
                0x00001b1c       0x80 ./drivers/fsl_clock.o
                0x00001b1c                CLOCK_GetEr32kClkFreq
 .text.CLOCK_GetPllFllSelClkFreq
                0x00001b9c       0x54 ./drivers/fsl_clock.o
                0x00001b9c                CLOCK_GetPllFllSelClkFreq
 .text.CLOCK_GetCoreSysClkFreq
                0x00001bf0       0x24 ./drivers/fsl_clock.o
                0x00001bf0                CLOCK_GetCoreSysClkFreq
 .text.CLOCK_GetFreq
                0x00001c14      0x144 ./drivers/fsl_clock.o
                0x00001c14                CLOCK_GetFreq
 .text.CLOCK_SetSimConfig
                0x00001d58       0x34 ./drivers/fsl_clock.o
                0x00001d58                CLOCK_SetSimConfig
 .text.CLOCK_GetOutClkFreq
                0x00001d8c       0x64 ./drivers/fsl_clock.o
                0x00001d8c                CLOCK_GetOutClkFreq
 .text.CLOCK_GetFllFreq
                0x00001df0       0x74 ./drivers/fsl_clock.o
                0x00001df0                CLOCK_GetFllFreq
 .text.CLOCK_GetInternalRefClkFreq
                0x00001e64       0x24 ./drivers/fsl_clock.o
                0x00001e64                CLOCK_GetInternalRefClkFreq
 .text.CLOCK_GetFixedFreqClkFreq
                0x00001e88       0x30 ./drivers/fsl_clock.o
                0x00001e88                CLOCK_GetFixedFreqClkFreq
 .text.CLOCK_GetPll0Freq
                0x00001eb8       0x78 ./drivers/fsl_clock.o
                0x00001eb8                CLOCK_GetPll0Freq
 .text.CLOCK_SetExternalRefClkConfig
                0x00001f30       0x90 ./drivers/fsl_clock.o
                0x00001f30                CLOCK_SetExternalRefClkConfig
 .text.CLOCK_SetInternalRefClkConfig
                0x00001fc0      0x104 ./drivers/fsl_clock.o
                0x00001fc0                CLOCK_SetInternalRefClkConfig
 .text.CLOCK_EnablePll0
                0x000020c4       0x94 ./drivers/fsl_clock.o
                0x000020c4                CLOCK_EnablePll0
 .text.CLOCK_InitOsc0
                0x00002158       0x8c ./drivers/fsl_clock.o
                0x00002158                CLOCK_InitOsc0
 .text.CLOCK_SetPbeMode
                0x000021e4       0xb8 ./drivers/fsl_clock.o
                0x000021e4                CLOCK_SetPbeMode
 .text.CLOCK_BootToPeeMode
                0x0000229c       0x74 ./drivers/fsl_clock.o
                0x0000229c                CLOCK_BootToPeeMode
 .text.__assert_func
                0x00002310       0x28 ./drivers/fsl_common.o
                0x00002310                __assert_func
 .text.CLOCK_EnableClock
                0x00002338       0x34 ./drivers/fsl_dmamux.o
 .text.DMAMUX_GetInstance
                0x0000236c       0x50 ./drivers/fsl_dmamux.o
 .text.DMAMUX_Init
                0x000023bc       0x20 ./drivers/fsl_dmamux.o
                0x000023bc                DMAMUX_Init
 .text.NVIC_EnableIRQ
                0x000023dc       0x30 ./drivers/fsl_edma.o
 .text.CLOCK_EnableClock
                0x0000240c       0x34 ./drivers/fsl_edma.o
 .text.EnableIRQ
                0x00002440       0x28 ./drivers/fsl_edma.o
 .text.DisableGlobalIRQ
                0x00002468       0x20 ./drivers/fsl_edma.o
 .text.EnableGlobalIRQ
                0x00002488       0x1c ./drivers/fsl_edma.o
 .text.EDMA_GetInstance
                0x000024a4       0x50 ./drivers/fsl_edma.o
 .text.EDMA_InstallTCD
                0x000024f4      0x150 ./drivers/fsl_edma.o
 .text.EDMA_Init
                0x00002644       0x8c ./drivers/fsl_edma.o
                0x00002644                EDMA_Init
 .text.EDMA_GetDefaultConfig
                0x000026d0       0x44 ./drivers/fsl_edma.o
                0x000026d0                EDMA_GetDefaultConfig
 .text.EDMA_ResetChannel
                0x00002714       0x40 ./drivers/fsl_edma.o
                0x00002714                EDMA_ResetChannel
 .text.EDMA_SetTransferConfig
                0x00002754       0x78 ./drivers/fsl_edma.o
                0x00002754                EDMA_SetTransferConfig
 .text.EDMA_SetModulo
                0x000027cc       0x78 ./drivers/fsl_edma.o
                0x000027cc                EDMA_SetModulo
 .text.EDMA_TcdReset
                0x00002844       0x8c ./drivers/fsl_edma.o
                0x00002844                EDMA_TcdReset
 .text.EDMA_TcdSetTransferConfig
                0x000028d0      0x104 ./drivers/fsl_edma.o
                0x000028d0                EDMA_TcdSetTransferConfig
 .text.EDMA_CreateHandle
                0x000029d4       0xe0 ./drivers/fsl_edma.o
                0x000029d4                EDMA_CreateHandle
 .text.EDMA_InstallTCDMemory
                0x00002ab4       0x74 ./drivers/fsl_edma.o
                0x00002ab4                EDMA_InstallTCDMemory
 .text.EDMA_SetCallback
                0x00002b28       0x40 ./drivers/fsl_edma.o
                0x00002b28                EDMA_SetCallback
 .text.EDMA_PrepareTransfer
                0x00002b68      0x2bc ./drivers/fsl_edma.o
                0x00002b68                EDMA_PrepareTransfer
 .text.EDMA_SubmitTransfer
                0x00002e24      0x2c8 ./drivers/fsl_edma.o
                0x00002e24                EDMA_SubmitTransfer
 .text.EDMA_StartTransfer
                0x000030ec       0xbc ./drivers/fsl_edma.o
                0x000030ec                EDMA_StartTransfer
 .text.EDMA_StopTransfer
                0x000031a8       0x4c ./drivers/fsl_edma.o
                0x000031a8                EDMA_StopTransfer
 .text.EDMA_HandleIRQ
                0x000031f4      0x15c ./drivers/fsl_edma.o
                0x000031f4                EDMA_HandleIRQ
 .text.DMA0_DriverIRQHandler
                0x00003350       0x14 ./drivers/fsl_edma.o
                0x00003350                DMA0_DriverIRQHandler
 .text.DMA1_DriverIRQHandler
                0x00003364       0x14 ./drivers/fsl_edma.o
                0x00003364                DMA1_DriverIRQHandler
 .text.DMA2_DriverIRQHandler
                0x00003378       0x14 ./drivers/fsl_edma.o
                0x00003378                DMA2_DriverIRQHandler
 .text.DMA3_DriverIRQHandler
                0x0000338c       0x14 ./drivers/fsl_edma.o
                0x0000338c                DMA3_DriverIRQHandler
 .text.DMA4_DriverIRQHandler
                0x000033a0       0x14 ./drivers/fsl_edma.o
                0x000033a0                DMA4_DriverIRQHandler
 .text.DMA5_DriverIRQHandler
                0x000033b4       0x14 ./drivers/fsl_edma.o
                0x000033b4                DMA5_DriverIRQHandler
 .text.DMA6_DriverIRQHandler
                0x000033c8       0x14 ./drivers/fsl_edma.o
                0x000033c8                DMA6_DriverIRQHandler
 .text.DMA7_DriverIRQHandler
                0x000033dc       0x14 ./drivers/fsl_edma.o
                0x000033dc                DMA7_DriverIRQHandler
 .text.DMA8_DriverIRQHandler
                0x000033f0       0x14 ./drivers/fsl_edma.o
                0x000033f0                DMA8_DriverIRQHandler
 .text.DMA9_DriverIRQHandler
                0x00003404       0x14 ./drivers/fsl_edma.o
                0x00003404                DMA9_DriverIRQHandler
 .text.DMA10_DriverIRQHandler
                0x00003418       0x14 ./drivers/fsl_edma.o
                0x00003418                DMA10_DriverIRQHandler
 .text.DMA11_DriverIRQHandler
                0x0000342c       0x14 ./drivers/fsl_edma.o
                0x0000342c                DMA11_DriverIRQHandler
 .text.DMA12_DriverIRQHandler
                0x00003440       0x14 ./drivers/fsl_edma.o
                0x00003440                DMA12_DriverIRQHandler
 .text.DMA13_DriverIRQHandler
                0x00003454       0x14 ./drivers/fsl_edma.o
                0x00003454                DMA13_DriverIRQHandler
 .text.DMA14_DriverIRQHandler
                0x00003468       0x14 ./drivers/fsl_edma.o
                0x00003468                DMA14_DriverIRQHandler
 .text.DMA15_DriverIRQHandler
                0x0000347c       0x14 ./drivers/fsl_edma.o
                0x0000347c                DMA15_DriverIRQHandler
 .text.CLOCK_EnableClock
                0x00003490       0x34 ./drivers/fsl_ftm.o
 .text.FTM_GetInstance
                0x000034c4       0x60 ./drivers/fsl_ftm.o
 .text.FTM_SetPwmSync
                0x00003524      0x118 ./drivers/fsl_ftm.o
 .text.FTM_SetReloadPoints
                0x0000363c      0x170 ./drivers/fsl_ftm.o
 .text.FTM_Init
                0x000037ac      0x100 ./drivers/fsl_ftm.o
                0x000037ac                FTM_Init
 .text.FTM_GetDefaultConfig
                0x000038ac       0x78 ./drivers/fsl_ftm.o
                0x000038ac                FTM_GetDefaultConfig
 .text.FTM_SetupPwm
                0x00003924      0x30c ./drivers/fsl_ftm.o
                0x00003924                FTM_SetupPwm
 .text.FTM_SetChnCountVal
                0x00003c30       0x2c ./drivers/fsl_ftm.o
                0x00003c30                FTM_SetChnCountVal
 .text.FTM_EnableInterrupts
                0x00003c5c       0x88 ./drivers/fsl_ftm.o
                0x00003c5c                FTM_EnableInterrupts
 .text.FTM_DisableInterrupts
                0x00003ce4       0x88 ./drivers/fsl_ftm.o
                0x00003ce4                FTM_DisableInterrupts
 .text.FTM_ClearStatusFlags
                0x00003d6c       0x68 ./drivers/fsl_ftm.o
                0x00003d6c                FTM_ClearStatusFlags
 .text.CLOCK_EnableClock
                0x00003dd4       0x34 ./drivers/fsl_uart.o
 .text.UART_GetInstance
                0x00003e08       0x60 ./drivers/fsl_uart.o
                0x00003e08                UART_GetInstance
 .text.UART_Init
                0x00003e68      0x2d8 ./drivers/fsl_uart.o
                0x00003e68                UART_Init
 .text.UART_GetDefaultConfig
                0x00004140       0x5c ./drivers/fsl_uart.o
                0x00004140                UART_GetDefaultConfig
 .text.UART_GetStatusFlags
                0x0000419c       0x48 ./drivers/fsl_uart.o
                0x0000419c                UART_GetStatusFlags
 .text.UART_WriteBlocking
                0x000041e4       0x40 ./drivers/fsl_uart.o
                0x000041e4                UART_WriteBlocking
 .text.UART_ReadBlocking
                0x00004224       0xa4 ./drivers/fsl_uart.o
                0x00004224                UART_ReadBlocking
 .text.UART0_DriverIRQHandler
                0x000042c8       0x20 ./drivers/fsl_uart.o
                0x000042c8                UART0_DriverIRQHandler
 .text.UART0_RX_TX_DriverIRQHandler
                0x000042e8        0xc ./drivers/fsl_uart.o
                0x000042e8                UART0_RX_TX_DriverIRQHandler
 .text.UART1_DriverIRQHandler
                0x000042f4       0x20 ./drivers/fsl_uart.o
                0x000042f4                UART1_DriverIRQHandler
 .text.UART1_RX_TX_DriverIRQHandler
                0x00004314        0xc ./drivers/fsl_uart.o
                0x00004314                UART1_RX_TX_DriverIRQHandler
 .text.UART2_DriverIRQHandler
                0x00004320       0x20 ./drivers/fsl_uart.o
                0x00004320                UART2_DriverIRQHandler
 .text.UART2_RX_TX_DriverIRQHandler
                0x00004340        0xc ./drivers/fsl_uart.o
                0x00004340                UART2_RX_TX_DriverIRQHandler
 .text.UART3_DriverIRQHandler
                0x0000434c       0x20 ./drivers/fsl_uart.o
                0x0000434c                UART3_DriverIRQHandler
 .text.UART3_RX_TX_DriverIRQHandler
                0x0000436c        0xc ./drivers/fsl_uart.o
                0x0000436c                UART3_RX_TX_DriverIRQHandler
 .text.UART4_DriverIRQHandler
                0x00004378       0x20 ./drivers/fsl_uart.o
                0x00004378                UART4_DriverIRQHandler
 .text.UART4_RX_TX_DriverIRQHandler
                0x00004398        0xc ./drivers/fsl_uart.o
                0x00004398                UART4_RX_TX_DriverIRQHandler
 .text.UART5_DriverIRQHandler
                0x000043a4       0x20 ./drivers/fsl_uart.o
                0x000043a4                UART5_DriverIRQHandler
 .text.UART5_RX_TX_DriverIRQHandler
                0x000043c4        0xc ./drivers/fsl_uart.o
                0x000043c4                UART5_RX_TX_DriverIRQHandler
 .text.SystemInit
                0x000043d0       0x3c ./devices/system_MK64F12.o
                0x000043d0                SystemInit
 .text.exit     0x0000440c       0x28 c:/freescale/kds_v3/toolchain/bin/../lib/gcc/arm-none-eabi/4.8.4/../../../../arm-none-eabi/lib/armv7e-m/fpu\libg_s.a(lib_a-exit.o)
                0x0000440c                exit
 .text.__libc_init_array
                0x00004434       0x4c c:/freescale/kds_v3/toolchain/bin/../lib/gcc/arm-none-eabi/4.8.4/../../../../arm-none-eabi/lib/armv7e-m/fpu\libg_s.a(lib_a-init.o)
                0x00004434                __libc_init_array
 .text.memset   0x00004480       0x10 c:/freescale/kds_v3/toolchain/bin/../lib/gcc/arm-none-eabi/4.8.4/../../../../arm-none-eabi/lib/armv7e-m/fpu\libg_s.a(lib_a-memset.o)
                0x00004480                memset
 .text.strlen   0x00004490       0x10 c:/freescale/kds_v3/toolchain/bin/../lib/gcc/arm-none-eabi/4.8.4/../../../../arm-none-eabi/lib/armv7e-m/fpu\libg_s.a(lib_a-strlen.o)
                0x00004490                strlen
 .text._exit    0x000044a0        0x4 c:/freescale/kds_v3/toolchain/bin/../lib/gcc/arm-none-eabi/4.8.4/../../../../arm-none-eabi/lib/armv7e-m/fpu\libnosys.a(_exit.o)
                0x000044a0                _exit
 *(.rodata)
 .rodata        0x000044a4       0x1c ./sources/clock_config.o
 .rodata        0x000044c0       0x44 ./sources/ftm_simple_pwm.o
 .rodata        0x00004504       0x48 ./drivers/fsl_clock.o
 .rodata        0x0000454c       0x40 ./drivers/fsl_common.o
 .rodata        0x0000458c       0x40 ./drivers/fsl_dmamux.o
 .rodata        0x000045cc      0x248 ./drivers/fsl_edma.o
 .rodata        0x00004814       0xb4 ./drivers/fsl_ftm.o
 .rodata        0x000048c8      0x12c ./drivers/fsl_uart.o
 *(.rodata*)
 .rodata.OneValue
                0x000049f4        0x1 ./sources/ftm_simple_pwm.o
 *fill*         0x000049f5        0x3 
 .rodata.gamma8
                0x000049f8      0x100 ./sources/ftm_simple_pwm.o
                0x000049f8                gamma8
 .rodata.__func__.6954
                0x00004af8       0x18 ./sources/ftm_simple_pwm.o
 .rodata.__func__.6970
                0x00004b10       0x1c ./sources/ftm_simple_pwm.o
 .rodata.__func__.6960
                0x00004b2c       0x14 ./sources/ftm_simple_pwm.o
 .rodata.__func__.6949
                0x00004b40       0x18 ./sources/ftm_simple_pwm.o
 .rodata.__func__.6318
                0x00004b58       0x18 ./drivers/fsl_clock.o
 .rodata.__func__.6363
                0x00004b70       0x18 ./drivers/fsl_clock.o
 .rodata.__func__.6371
                0x00004b88       0x18 ./drivers/fsl_clock.o
 .rodata.fllFactorTable.6446
                0x00004ba0       0x10 ./drivers/fsl_clock.o
 .rodata.__func__.6461
                0x00004bb0       0x14 ./drivers/fsl_clock.o
 .rodata.__func__.6509
                0x00004bc4       0x14 ./drivers/fsl_clock.o
 .rodata.__func__.6645
                0x00004bd8       0x14 ./drivers/fsl_clock.o
 .rodata.__func__.6709
                0x00004bec       0x14 ./drivers/fsl_clock.o
 .rodata.__func__.6328
                0x00004c00       0x14 ./drivers/fsl_dmamux.o
 .rodata.s_edmaIRQNumber
                0x00004c14       0x10 ./drivers/fsl_edma.o
 .rodata.__func__.6587
                0x00004c24       0x14 ./drivers/fsl_edma.o
 .rodata.__func__.6593
                0x00004c38       0x10 ./drivers/fsl_edma.o
 .rodata.__func__.6598
                0x00004c48        0xc ./drivers/fsl_edma.o
 .rodata.__func__.6606
                0x00004c54       0x18 ./drivers/fsl_edma.o
 .rodata.__func__.6611
                0x00004c6c       0x14 ./drivers/fsl_edma.o
 .rodata.__func__.6618
                0x00004c80       0x18 ./drivers/fsl_edma.o
 .rodata.__func__.6645
                0x00004c98       0x10 ./drivers/fsl_edma.o
 .rodata.__func__.6662
                0x00004ca8       0x10 ./drivers/fsl_edma.o
 .rodata.__func__.6668
                0x00004cb8       0x1c ./drivers/fsl_edma.o
 .rodata.__func__.6723
                0x00004cd4       0x14 ./drivers/fsl_edma.o
 .rodata.__func__.6732
                0x00004ce8       0x18 ./drivers/fsl_edma.o
 .rodata.__func__.6738
                0x00004d00       0x14 ./drivers/fsl_edma.o
 .rodata.__func__.6749
                0x00004d14       0x18 ./drivers/fsl_edma.o
 .rodata.__func__.6773
                0x00004d2c       0x14 ./drivers/fsl_edma.o
 .rodata.__func__.6783
                0x00004d40       0x14 ./drivers/fsl_edma.o
 .rodata.__func__.6789
                0x00004d54       0x14 ./drivers/fsl_edma.o
 .rodata.__func__.6796
                0x00004d68       0x10 ./drivers/fsl_edma.o
 .rodata.s_ftmBases
                0x00004d78       0x10 ./drivers/fsl_ftm.o
 .rodata.s_ftmClocks
                0x00004d88       0x10 ./drivers/fsl_ftm.o
 .rodata.__func__.6615
                0x00004d98       0x10 ./drivers/fsl_ftm.o
 .rodata.__func__.6639
                0x00004da8        0xc ./drivers/fsl_ftm.o
 .rodata.__func__.6647
                0x00004db4       0x18 ./drivers/fsl_ftm.o
 .rodata.__func__.6656
                0x00004dcc       0x10 ./drivers/fsl_ftm.o
 .rodata.s_uartBases
                0x00004ddc       0x18 ./drivers/fsl_uart.o
 .rodata.s_uartClock
                0x00004df4       0x18 ./drivers/fsl_uart.o
 .rodata.__func__.6517
                0x00004e0c       0x14 ./drivers/fsl_uart.o
 .rodata.__func__.6533
                0x00004e20        0xc ./drivers/fsl_uart.o
 .rodata.__func__.6551
                0x00004e2c       0x18 ./drivers/fsl_uart.o
 .rodata.__func__.6611
                0x00004e44       0x14 ./drivers/fsl_uart.o
 .rodata.str1.1
                0x00004e58        0x2 c:/freescale/kds_v3/toolchain/bin/../lib/gcc/arm-none-eabi/4.8.4/../../../../arm-none-eabi/lib/armv7e-m/fpu\libg_s.a(lib_a-impure.o)
 *fill*         0x00004e5a        0x2 
 .rodata._global_impure_ptr
                0x00004e5c        0x4 c:/freescale/kds_v3/toolchain/bin/../lib/gcc/arm-none-eabi/4.8.4/../../../../arm-none-eabi/lib/armv7e-m/fpu\libg_s.a(lib_a-impure.o)
                0x00004e5c                _global_impure_ptr
 *(.glue_7)
 .glue_7        0x00000000        0x0 linker stubs
 *(.glue_7t)
 .glue_7t       0x00000000        0x0 linker stubs
 *(.eh_frame)
 .eh_frame      0x00004e60        0x0 c:/freescale/kds_v3/toolchain/bin/../lib/gcc/arm-none-eabi/4.8.4/armv7e-m/fpu/crtbegin.o
 *(.init)
 .init          0x00004e60        0x4 c:/freescale/kds_v3/toolchain/bin/../lib/gcc/arm-none-eabi/4.8.4/armv7e-m/fpu/crti.o
                0x00004e60                _init
 .init          0x00004e64        0x8 c:/freescale/kds_v3/toolchain/bin/../lib/gcc/arm-none-eabi/4.8.4/armv7e-m/fpu/crtn.o
 *(.fini)
 .fini          0x00004e6c        0x4 c:/freescale/kds_v3/toolchain/bin/../lib/gcc/arm-none-eabi/4.8.4/armv7e-m/fpu/crti.o
                0x00004e6c                _fini
 .fini          0x00004e70        0x8 c:/freescale/kds_v3/toolchain/bin/../lib/gcc/arm-none-eabi/4.8.4/armv7e-m/fpu/crtn.o
                0x00004e78                . = ALIGN (0x4)

.vfp11_veneer   0x00004e78        0x0
 .vfp11_veneer  0x00000000        0x0 linker stubs

.v4_bx          0x00004e78        0x0
 .v4_bx         0x00000000        0x0 linker stubs

.iplt           0x00004e78        0x0
 .iplt          0x00000000        0x0 c:/freescale/kds_v3/toolchain/bin/../lib/gcc/arm-none-eabi/4.8.4/armv7e-m/fpu/crtbegin.o

.ARM.extab
 *(.ARM.extab* .gnu.linkonce.armextab.*)

.ARM            0x00004e78        0x8
                0x00004e78                __exidx_start = .
 *(.ARM.exidx*)
 .ARM.exidx     0x00004e78        0x8 c:/freescale/kds_v3/toolchain/bin/../lib/gcc/arm-none-eabi/4.8.4/../../../../arm-none-eabi/lib/armv7e-m/fpu/crt0.o
                0x00004e80                __exidx_end = .

.rel.dyn        0x00004e80        0x0
 .rel.iplt      0x00000000        0x0 c:/freescale/kds_v3/toolchain/bin/../lib/gcc/arm-none-eabi/4.8.4/armv7e-m/fpu/crtbegin.o

.ctors          0x00004e80        0x0
                0x00004e80                __CTOR_LIST__ = .
 *crtbegin.o(.ctors)
 *crtbegin?.o(.ctors)
 *(EXCLUDE_FILE(*crtend.o *crtend?.o) .ctors)
 *(SORT(.ctors.*))
 *(.ctors)
                0x00004e80                __CTOR_END__ = .

.dtors          0x00004e80        0x0
                0x00004e80                __DTOR_LIST__ = .
 *crtbegin.o(.dtors)
 *crtbegin?.o(.dtors)
 *(EXCLUDE_FILE(*crtend.o *crtend?.o) .dtors)
 *(SORT(.dtors.*))
 *(.dtors)
                0x00004e80                __DTOR_END__ = .

.preinit_array  0x00004e80        0x0
                0x00004e80                PROVIDE (__preinit_array_start, .)
 *(.preinit_array*)
                0x00004e80                PROVIDE (__preinit_array_end, .)

.init_array     0x00004e80        0x4
                0x00004e80                PROVIDE (__init_array_start, .)
 *(SORT(.init_array.*))
 *(.init_array*)
 .init_array    0x00004e80        0x4 c:/freescale/kds_v3/toolchain/bin/../lib/gcc/arm-none-eabi/4.8.4/armv7e-m/fpu/crtbegin.o
                0x00004e84                PROVIDE (__init_array_end, .)

.fini_array     0x00004e84        0x4
                0x00004e84                PROVIDE (__fini_array_start, .)
 *(SORT(.fini_array.*))
 *(.fini_array*)
 .fini_array    0x00004e84        0x4 c:/freescale/kds_v3/toolchain/bin/../lib/gcc/arm-none-eabi/4.8.4/armv7e-m/fpu/crtbegin.o
                0x00004e88                PROVIDE (__fini_array_end, .)
                0x00004e88                __etext = .
                0x00004e88                __DATA_ROM = .

.interrupts_ram
                0x1fff0000        0x0
                0x1fff0000                . = ALIGN (0x4)
                0x1fff0000                __VECTOR_RAM__ = .
                0x1fff0000                __interrupts_ram_start__ = .
 *(.m_interrupts_ram)
                0x1fff0000                . = (. + M_VECTOR_RAM_SIZE)
                0x1fff0000                . = ALIGN (0x4)
                0x1fff0000                __interrupts_ram_end__ = .
                0x00000000                __VECTOR_RAM = DEFINED (__ram_vector_table__)?__VECTOR_RAM__:ORIGIN (m_interrupts)
                0x00000000                __RAM_VECTOR_TABLE_SIZE_BYTES = DEFINED (__ram_vector_table__)?(__interrupts_ram_end__ - __interrupts_ram_start__):0x0

.data           0x1fff0000       0x7c load address 0x00004e88
                0x1fff0000                . = ALIGN (0x4)
                0x1fff0000                __DATA_RAM = .
                0x1fff0000                __data_start__ = .
 *(.data)
 *(.data*)
 .data.Red      0x1fff0000        0x4 ./sources/ftm_simple_pwm.o
 .data.Green    0x1fff0004        0x4 ./sources/ftm_simple_pwm.o
 .data.Blue     0x1fff0008        0x4 ./sources/ftm_simple_pwm.o
 .data.s_slowIrcFreq
                0x1fff000c        0x4 ./drivers/fsl_clock.o
 .data.s_fastIrcFreq
                0x1fff0010        0x4 ./drivers/fsl_clock.o
 .data.SystemCoreClock
                0x1fff0014        0x4 ./devices/system_MK64F12.o
                0x1fff0014                SystemCoreClock
 .data.impure_data
                0x1fff0018       0x60 c:/freescale/kds_v3/toolchain/bin/../lib/gcc/arm-none-eabi/4.8.4/../../../../arm-none-eabi/lib/armv7e-m/fpu\libg_s.a(lib_a-impure.o)
 *(.jcr*)
 .jcr           0x1fff0078        0x0 c:/freescale/kds_v3/toolchain/bin/../lib/gcc/arm-none-eabi/4.8.4/armv7e-m/fpu/crtbegin.o
 .jcr           0x1fff0078        0x4 c:/freescale/kds_v3/toolchain/bin/../lib/gcc/arm-none-eabi/4.8.4/armv7e-m/fpu/crtend.o
                0x1fff007c                . = ALIGN (0x4)
                0x1fff007c                __data_end__ = .
                0x00004f04                __DATA_END = (__DATA_ROM + (__data_end__ - __data_start__))
                0x00100000                text_end = (ORIGIN (m_text) + 0xffbf0)
                0x00000001                ASSERT ((__DATA_END <= text_end), region m_text overflowed with text and data)
                0x00000000                USB_RAM_GAP = DEFINED (__usb_ram_size__)?__usb_ram_size__:0x0

.igot.plt       0x1fff007c        0x0 load address 0x00004f04
 .igot.plt      0x00000000        0x0 c:/freescale/kds_v3/toolchain/bin/../lib/gcc/arm-none-eabi/4.8.4/armv7e-m/fpu/crtbegin.o

.bss            0x1fff007c      0xf84 load address 0x00004f04
                0x1fff007c                . = ALIGN (0x4)
                0x1fff007c                __START_BSS = .
                0x1fff007c                __bss_start__ = .
 *(.bss)
 .bss           0x1fff007c       0x1c c:/freescale/kds_v3/toolchain/bin/../lib/gcc/arm-none-eabi/4.8.4/armv7e-m/fpu/crtbegin.o
 *(.bss*)
 .bss.s_debugConsole
                0x1fff0098       0x10 ./utilities/fsl_debug_console.o
 .bss.dmaDone   0x1fff00a8        0x1 ./sources/ftm_simple_pwm.o
 *fill*         0x1fff00a9        0x3 
 .bss.transmitBuf
                0x1fff00ac      0xe10 ./sources/ftm_simple_pwm.o
 .bss.g_xtal0Freq
                0x1fff0ebc        0x4 ./drivers/fsl_clock.o
                0x1fff0ebc                g_xtal0Freq
 .bss.g_xtal32Freq
                0x1fff0ec0        0x4 ./drivers/fsl_clock.o
                0x1fff0ec0                g_xtal32Freq
 .bss.s_EDMAHandle
                0x1fff0ec4       0x40 ./drivers/fsl_edma.o
 .bss.s_uartHandle
                0x1fff0f04       0x18 ./drivers/fsl_uart.o
 .bss.s_uartIsr
                0x1fff0f1c        0x4 ./drivers/fsl_uart.o
                0x1fff1000                . = ALIGN (0x200)
 *fill*         0x1fff0f20       0xe0 
                0x1fff1000                USB_RAM_START = .
                0x1fff1000                . = (. + USB_RAM_GAP)
 *(COMMON)
                0x1fff1000                . = ALIGN (0x4)
                0x1fff1000                __bss_end__ = .
                0x1fff1000                __END_BSS = .

.heap           0x20000000      0x400
                0x20000000                . = ALIGN (0x8)
                0x20000000                __end__ = .
                0x20000000                PROVIDE (end, .)
                0x20000000                __HeapBase = .
                0x20000400                . = (. + HEAP_SIZE)
 *fill*         0x20000000      0x400 
                0x20000400                __HeapLimit = .
                0x20000400                __heap_limit = .

.stack          0x20000400      0x400
                0x20000400                . = ALIGN (0x8)
                0x20000800                . = (. + STACK_SIZE)
 *fill*         0x20000400      0x400 

m_usb_bdt       0x1fff1000        0x0
 *(m_usb_bdt)
                0x1fff1000                USB_RAM_BDT_END = .

m_usb_global
 *(m_usb_global)
                0x20030000                __StackTop = (ORIGIN (m_data_2) + 0x30000)
                0x2002fc00                __StackLimit = (__StackTop - STACK_SIZE)
                0x20030000                PROVIDE (__stack, __StackTop)

.ARM.attributes
                0x00000000       0x30
 *(.ARM.attributes)
 .ARM.attributes
                0x00000000       0x22 c:/freescale/kds_v3/toolchain/bin/../lib/gcc/arm-none-eabi/4.8.4/armv7e-m/fpu/crti.o
 .ARM.attributes
                0x00000022       0x34 c:/freescale/kds_v3/toolchain/bin/../lib/gcc/arm-none-eabi/4.8.4/armv7e-m/fpu/crtbegin.o
 .ARM.attributes
                0x00000056       0x20 c:/freescale/kds_v3/toolchain/bin/../lib/gcc/arm-none-eabi/4.8.4/../../../../arm-none-eabi/lib/armv7e-m/fpu/crt0.o
 .ARM.attributes
                0x00000076       0x39 ./utilities/fsl_debug_console.o
 .ARM.attributes
                0x000000af       0x39 ./sources/board.o
 .ARM.attributes
                0x000000e8       0x39 ./sources/clock_config.o
 .ARM.attributes
                0x00000121       0x39 ./sources/ftm_simple_pwm.o
 .ARM.attributes
                0x0000015a       0x39 ./sources/pin_mux.o
 .ARM.attributes
                0x00000193       0x39 ./drivers/fsl_clock.o
 .ARM.attributes
                0x000001cc       0x39 ./drivers/fsl_common.o
 .ARM.attributes
                0x00000205       0x39 ./drivers/fsl_dmamux.o
 .ARM.attributes
                0x0000023e       0x39 ./drivers/fsl_edma.o
 .ARM.attributes
                0x00000277       0x39 ./drivers/fsl_ftm.o
 .ARM.attributes
                0x000002b0       0x39 ./drivers/fsl_uart.o
 .ARM.attributes
                0x000002e9       0x1f ./devices/gcc/startup_MK64F12.o
 .ARM.attributes
                0x00000308       0x39 ./devices/system_MK64F12.o
 .ARM.attributes
                0x00000341       0x34 c:/freescale/kds_v3/toolchain/bin/../lib/gcc/arm-none-eabi/4.8.4/../../../../arm-none-eabi/lib/armv7e-m/fpu\libg_s.a(lib_a-exit.o)
 .ARM.attributes
                0x00000375       0x34 c:/freescale/kds_v3/toolchain/bin/../lib/gcc/arm-none-eabi/4.8.4/../../../../arm-none-eabi/lib/armv7e-m/fpu\libg_s.a(lib_a-impure.o)
 .ARM.attributes
                0x000003a9       0x34 c:/freescale/kds_v3/toolchain/bin/../lib/gcc/arm-none-eabi/4.8.4/../../../../arm-none-eabi/lib/armv7e-m/fpu\libg_s.a(lib_a-init.o)
 .ARM.attributes
                0x000003dd       0x34 c:/freescale/kds_v3/toolchain/bin/../lib/gcc/arm-none-eabi/4.8.4/../../../../arm-none-eabi/lib/armv7e-m/fpu\libg_s.a(lib_a-memset.o)
 .ARM.attributes
                0x00000411       0x34 c:/freescale/kds_v3/toolchain/bin/../lib/gcc/arm-none-eabi/4.8.4/../../../../arm-none-eabi/lib/armv7e-m/fpu\libg_s.a(lib_a-strlen.o)
 .ARM.attributes
                0x00000445       0x34 c:/freescale/kds_v3/toolchain/bin/../lib/gcc/arm-none-eabi/4.8.4/../../../../arm-none-eabi/lib/armv7e-m/fpu\libnosys.a(_exit.o)
 .ARM.attributes
                0x00000479       0x34 c:/freescale/kds_v3/toolchain/bin/../lib/gcc/arm-none-eabi/4.8.4/armv7e-m/fpu/crtend.o
 .ARM.attributes
                0x000004ad       0x22 c:/freescale/kds_v3/toolchain/bin/../lib/gcc/arm-none-eabi/4.8.4/armv7e-m/fpu/crtn.o
                0x00000001                ASSERT ((__StackLimit >= __HeapLimit), region m_data_2 overflowed with stack and heap)
OUTPUT(FTM.elf elf32-littlearm)

.debug_info     0x00000000     0xb2cd
 .debug_info    0x00000000      0xd01 ./utilities/fsl_debug_console.o
 .debug_info    0x00000d01      0x2c6 ./sources/board.o
 .debug_info    0x00000fc7      0x61d ./sources/clock_config.o
 .debug_info    0x000015e4     0x180d ./sources/ftm_simple_pwm.o
 .debug_info    0x00002df1      0x6a9 ./sources/pin_mux.o
 .debug_info    0x0000349a     0x1e93 ./drivers/fsl_clock.o
 .debug_info    0x0000532d      0x5e6 ./drivers/fsl_common.o
 .debug_info    0x00005913      0x570 ./drivers/fsl_dmamux.o
 .debug_info    0x00005e83     0x2049 ./drivers/fsl_edma.o
 .debug_info    0x00007ecc     0x13b3 ./drivers/fsl_ftm.o
 .debug_info    0x0000927f     0x1a09 ./drivers/fsl_uart.o
 .debug_info    0x0000ac88       0x6f ./devices/gcc/startup_MK64F12.o
 .debug_info    0x0000acf7      0x5d6 ./devices/system_MK64F12.o

.debug_abbrev   0x00000000     0x195d
 .debug_abbrev  0x00000000      0x289 ./utilities/fsl_debug_console.o
 .debug_abbrev  0x00000289       0xfd ./sources/board.o
 .debug_abbrev  0x00000386      0x186 ./sources/clock_config.o
 .debug_abbrev  0x0000050c      0x38b ./sources/ftm_simple_pwm.o
 .debug_abbrev  0x00000897      0x163 ./sources/pin_mux.o
 .debug_abbrev  0x000009fa      0x2c6 ./drivers/fsl_clock.o
 .debug_abbrev  0x00000cc0      0x165 ./drivers/fsl_common.o
 .debug_abbrev  0x00000e25      0x167 ./drivers/fsl_dmamux.o
 .debug_abbrev  0x00000f8c      0x389 ./drivers/fsl_edma.o
 .debug_abbrev  0x00001315      0x247 ./drivers/fsl_ftm.o
 .debug_abbrev  0x0000155c      0x2d6 ./drivers/fsl_uart.o
 .debug_abbrev  0x00001832       0x14 ./devices/gcc/startup_MK64F12.o
 .debug_abbrev  0x00001846      0x117 ./devices/system_MK64F12.o

.debug_aranges  0x00000000      0x8d0
 .debug_aranges
                0x00000000       0x90 ./utilities/fsl_debug_console.o
 .debug_aranges
                0x00000090       0x20 ./sources/board.o
 .debug_aranges
                0x000000b0       0x50 ./sources/clock_config.o
 .debug_aranges
                0x00000100       0xc8 ./sources/ftm_simple_pwm.o
 .debug_aranges
                0x000001c8       0x30 ./sources/pin_mux.o
 .debug_aranges
                0x000001f8      0x1e8 ./drivers/fsl_clock.o
 .debug_aranges
                0x000003e0       0x28 ./drivers/fsl_common.o
 .debug_aranges
                0x00000408       0x40 ./drivers/fsl_dmamux.o
 .debug_aranges
                0x00000448      0x208 ./drivers/fsl_edma.o
 .debug_aranges
                0x00000650       0xc8 ./drivers/fsl_ftm.o
 .debug_aranges
                0x00000718      0x170 ./drivers/fsl_uart.o
 .debug_aranges
                0x00000888       0x20 ./devices/gcc/startup_MK64F12.o
 .debug_aranges
                0x000008a8       0x28 ./devices/system_MK64F12.o

.debug_ranges   0x00000000      0x7f0
 .debug_ranges  0x00000000       0x80 ./utilities/fsl_debug_console.o
 .debug_ranges  0x00000080       0x10 ./sources/board.o
 .debug_ranges  0x00000090       0x40 ./sources/clock_config.o
 .debug_ranges  0x000000d0       0xb8 ./sources/ftm_simple_pwm.o
 .debug_ranges  0x00000188       0x20 ./sources/pin_mux.o
 .debug_ranges  0x000001a8      0x1d8 ./drivers/fsl_clock.o
 .debug_ranges  0x00000380       0x18 ./drivers/fsl_common.o
 .debug_ranges  0x00000398       0x30 ./drivers/fsl_dmamux.o
 .debug_ranges  0x000003c8      0x1f8 ./drivers/fsl_edma.o
 .debug_ranges  0x000005c0       0xb8 ./drivers/fsl_ftm.o
 .debug_ranges  0x00000678      0x160 ./drivers/fsl_uart.o
 .debug_ranges  0x000007d8       0x18 ./devices/system_MK64F12.o

.debug_line     0x00000000     0x3218
 .debug_line    0x00000000      0x533 ./utilities/fsl_debug_console.o
 .debug_line    0x00000533       0xe8 ./sources/board.o
 .debug_line    0x0000061b      0x18b ./sources/clock_config.o
 .debug_line    0x000007a6      0x432 ./sources/ftm_simple_pwm.o
 .debug_line    0x00000bd8      0x137 ./sources/pin_mux.o
 .debug_line    0x00000d0f      0x8d6 ./drivers/fsl_clock.o
 .debug_line    0x000015e5      0x171 ./drivers/fsl_common.o
 .debug_line    0x00001756      0x154 ./drivers/fsl_dmamux.o
 .debug_line    0x000018aa      0x90d ./drivers/fsl_edma.o
 .debug_line    0x000021b7      0x5cd ./drivers/fsl_ftm.o
 .debug_line    0x00002784      0x7e2 ./drivers/fsl_uart.o
 .debug_line    0x00002f66      0x181 ./devices/gcc/startup_MK64F12.o
 .debug_line    0x000030e7      0x131 ./devices/system_MK64F12.o

.debug_str      0x00000000     0x5d5c
 .debug_str     0x00000000      0xb69 ./utilities/fsl_debug_console.o
                                0xc17 (size before relaxing)
 .debug_str     0x00000b69       0x39 ./sources/board.o
                                0x2d0 (size before relaxing)
 .debug_str     0x00000ba2      0x4f8 ./sources/clock_config.o
                                0x72a (size before relaxing)
 .debug_str     0x0000109a     0x1835 ./sources/ftm_simple_pwm.o
                               0x1e62 (size before relaxing)
 .debug_str     0x000028cf      0x411 ./sources/pin_mux.o
                                0x701 (size before relaxing)
 .debug_str     0x00002ce0      0xd96 ./drivers/fsl_clock.o
                               0x1b26 (size before relaxing)
 .debug_str     0x00003a76      0x5fd ./drivers/fsl_common.o
                                0x811 (size before relaxing)
 .debug_str     0x00004073       0x65 ./drivers/fsl_dmamux.o
                                0x8df (size before relaxing)
 .debug_str     0x000040d8      0x92c ./drivers/fsl_edma.o
                               0x1e4a (size before relaxing)
 .debug_str     0x00004a04      0x753 ./drivers/fsl_ftm.o
                               0x17a0 (size before relaxing)
 .debug_str     0x00005157      0xb56 ./drivers/fsl_uart.o
                               0x1bd9 (size before relaxing)
 .debug_str     0x00005cad       0xaf ./devices/system_MK64F12.o
                                0x3db (size before relaxing)

.comment        0x00000000       0x70
 .comment       0x00000000       0x70 ./utilities/fsl_debug_console.o
                                 0x71 (size before relaxing)
 .comment       0x00000000       0x71 ./sources/board.o
 .comment       0x00000000       0x71 ./sources/clock_config.o
 .comment       0x00000000       0x71 ./sources/ftm_simple_pwm.o
 .comment       0x00000000       0x71 ./sources/pin_mux.o
 .comment       0x00000000       0x71 ./drivers/fsl_clock.o
 .comment       0x00000000       0x71 ./drivers/fsl_common.o
 .comment       0x00000000       0x71 ./drivers/fsl_dmamux.o
 .comment       0x00000000       0x71 ./drivers/fsl_edma.o
 .comment       0x00000000       0x71 ./drivers/fsl_ftm.o
 .comment       0x00000000       0x71 ./drivers/fsl_uart.o
 .comment       0x00000000       0x71 ./devices/system_MK64F12.o

.debug_frame    0x00000000     0x1dac
 .debug_frame   0x00000000      0x1ec ./utilities/fsl_debug_console.o
 .debug_frame   0x000001ec       0x30 ./sources/board.o
 .debug_frame   0x0000021c       0xdc ./sources/clock_config.o
 .debug_frame   0x000002f8      0x2a8 ./sources/ftm_simple_pwm.o
 .debug_frame   0x000005a0       0x64 ./sources/pin_mux.o
 .debug_frame   0x00000604      0x6ac ./drivers/fsl_clock.o
 .debug_frame   0x00000cb0       0x4c ./drivers/fsl_common.o
 .debug_frame   0x00000cfc       0xa8 ./drivers/fsl_dmamux.o
 .debug_frame   0x00000da4      0x758 ./drivers/fsl_edma.o
 .debug_frame   0x000014fc      0x29c ./drivers/fsl_ftm.o
 .debug_frame   0x00001798      0x51c ./drivers/fsl_uart.o
 .debug_frame   0x00001cb4       0x44 ./devices/system_MK64F12.o
 .debug_frame   0x00001cf8       0x28 c:/freescale/kds_v3/toolchain/bin/../lib/gcc/arm-none-eabi/4.8.4/../../../../arm-none-eabi/lib/armv7e-m/fpu\libg_s.a(lib_a-exit.o)
 .debug_frame   0x00001d20       0x2c c:/freescale/kds_v3/toolchain/bin/../lib/gcc/arm-none-eabi/4.8.4/../../../../arm-none-eabi/lib/armv7e-m/fpu\libg_s.a(lib_a-init.o)
 .debug_frame   0x00001d4c       0x20 c:/freescale/kds_v3/toolchain/bin/../lib/gcc/arm-none-eabi/4.8.4/../../../../arm-none-eabi/lib/armv7e-m/fpu\libg_s.a(lib_a-memset.o)
 .debug_frame   0x00001d6c       0x20 c:/freescale/kds_v3/toolchain/bin/../lib/gcc/arm-none-eabi/4.8.4/../../../../arm-none-eabi/lib/armv7e-m/fpu\libg_s.a(lib_a-strlen.o)
 .debug_frame   0x00001d8c       0x20 c:/freescale/kds_v3/toolchain/bin/../lib/gcc/arm-none-eabi/4.8.4/../../../../arm-none-eabi/lib/armv7e-m/fpu\libnosys.a(_exit.o)
